#-----------------------------------------------------------
# Vivado v2023.2 (64-bit)
# SW Build 4029153 on Fri Oct 13 20:13:54 MDT 2023
# IP Build 4028589 on Sat Oct 14 00:45:43 MDT 2023
# SharedData Build 4025554 on Tue Oct 10 17:18:54 MDT 2023
# Start of session at: Thu Mar 12 20:59:17 2026
# Process ID: 13113
# Current directory: /home/hyw75/camera2hdmi_final
# Command line: vivado
# Log file: /home/hyw75/camera2hdmi_final/vivado.log
# Journal file: /home/hyw75/camera2hdmi_final/vivado.jou
# Running On: LAPTOP-ODJSC7FS, OS: Linux, CPU Frequency: 2995.199 MHz, CPU Physical cores: 9, Host memory: 8117 MB
#-----------------------------------------------------------
start_gui
open_project /home/hyw75/vivado_project/letyouin/shift_register/shift_register.xpr
update_compile_order -fileset sources_1
close_project
open_project /home/hyw75/camera2hdmi_final/camera2hdmi_final.xpr
update_compile_order -fileset sources_1
open_bd_design {/home/hyw75/camera2hdmi_final/camera2hdmi_final.srcs/sources_1/bd/design_1/design_1.bd}
startgroup
create_bd_cell -type ip -vlnv xilinx.com:ip:system_ila:1.1 system_ila_0
endgroup
set_property HDL_ATTRIBUTE.DEBUG true [get_bd_intf_nets {ov7670_axi_stream_ca_0_m_axis}]
set_property location {5 968 68} [get_bd_cells system_ila_0]
startgroup
set_property HDL_ATTRIBUTE.DEBUG false [get_bd_intf_nets { ov7670_axi_stream_ca_0_m_axis } ]
endgroup
set_property HDL_ATTRIBUTE.DEBUG true [get_bd_intf_nets {ov7670_axi_stream_ca_0_m_axis}]
apply_bd_automation -rule xilinx.com:bd_rule:debug -dict [list \
                                                          [get_bd_intf_nets ov7670_axi_stream_ca_0_m_axis] {AXIS_SIGNALS "Data and Trigger" CLK_SRC "/ov7670_axi_stream_ca_0/aclk" SYSTEM_ILA "Auto" APC_EN "0" } \
                                                         ]
undo
apply_bd_automation -rule xilinx.com:bd_rule:debug -dict [list \
                                                          [get_bd_intf_nets ov7670_axi_stream_ca_0_m_axis] {AXIS_SIGNALS "Data and Trigger" CLK_SRC "/ov7670_axi_stream_ca_0/aclk" SYSTEM_ILA "Auto" APC_EN "0" } \
                                                         ]
undo
apply_bd_automation -rule xilinx.com:bd_rule:debug -dict [list \
                                                          [get_bd_intf_nets ov7670_axi_stream_ca_0_m_axis] {AXIS_SIGNALS "Data and Trigger" CLK_SRC "/ov7670_axi_stream_ca_0/aclk" SYSTEM_ILA "Auto" APC_EN "0" } \
                                                         ]
undo
apply_bd_automation -rule xilinx.com:bd_rule:debug -dict [list \
                                                          [get_bd_intf_nets ov7670_axi_stream_ca_0_m_axis] {AXIS_SIGNALS "Data and Trigger" CLK_SRC "/ov7670_axi_stream_ca_0/aclk" SYSTEM_ILA "Auto" APC_EN "0" } \
                                                         ]
undo
apply_bd_automation -rule xilinx.com:bd_rule:debug -dict [list \
                                                          [get_bd_intf_nets ov7670_axi_stream_ca_0_m_axis] {AXIS_SIGNALS "Data and Trigger" CLK_SRC "/ov7670_axi_stream_ca_0/aclk" SYSTEM_ILA "Auto" APC_EN "0" } \
                                                         ]
undo
apply_bd_automation -rule xilinx.com:bd_rule:debug -dict [list \
                                                          [get_bd_intf_nets ov7670_axi_stream_ca_0_m_axis] {AXIS_SIGNALS "Data and Trigger" CLK_SRC "/ov7670_axi_stream_ca_0/aclk" SYSTEM_ILA "Auto" APC_EN "0" } \
                                                         ]
apply_bd_automation -rule xilinx.com:bd_rule:board -config { Manual_Source {Auto}}  [get_bd_pins rst_design_1_100M/ext_reset_in]
undo
apply_bd_automation -rule xilinx.com:bd_rule:board -config { Manual_Source {Auto}}  [get_bd_pins rst_design_1_100M/ext_reset_in]
validate_bd_design
save_bd_design
reset_run synth_1
reset_run design_1_smartconnect_0_0_synth_1
reset_run design_1_smartconnect_1_0_synth_1
launch_runs impl_1 -to_step write_bitstream -jobs 4
wait_on_run impl_1
disconnect_bd_net /ov7670_axi_stream_ca_0_aclk [get_bd_pins system_ila_0/clk]
apply_bd_automation -rule xilinx.com:bd_rule:clkrst -config { Clk {/ov7670_axi_stream_ca_0/aclk (100 MHz)} Freq {100} Ref_Clk0 {} Ref_Clk1 {} Ref_Clk2 {}}  [get_bd_pins system_ila_0/clk]
save_bd_design
reset_run synth_1
launch_runs impl_1 -to_step write_bitstream -jobs 4
wait_on_run impl_1
reset_run design_1_clk_wiz_0_1_synth_1
reset_run design_1_axi_vdma_0_0_synth_1
reset_run design_1_camera_configure_0_0_synth_1
reset_run design_1_ov7670_axi_stream_ca_0_0_synth_1
reset_run design_1_rgb2dvi_0_3_synth_1
reset_run design_1_system_ila_0_0_synth_1
reset_run design_1_rst_design_1_100M_5_synth_1
launch_runs impl_1 -to_step write_bitstream -jobs 6
wait_on_run impl_1
