#-----------------------------------------------------------
# Vivado v2023.2 (64-bit)
# SW Build 4029153 on Fri Oct 13 20:13:54 MDT 2023
# IP Build 4028589 on Sat Oct 14 00:45:43 MDT 2023
# SharedData Build 4025554 on Tue Oct 10 17:18:54 MDT 2023
# Start of session at: Thu Mar 12 20:59:17 2026
# Process ID: 13113
# Current directory: /home/hyw75/camera2hdmi_final
# Command line: vivado
# Log file: /home/hyw75/camera2hdmi_final/vivado.log
# Journal file: /home/hyw75/camera2hdmi_final/vivado.jou
# Running On: LAPTOP-ODJSC7FS, OS: Linux, CPU Frequency: 2995.199 MHz, CPU Physical cores: 9, Host memory: 8117 MB
#-----------------------------------------------------------
start_gui
WARNING: [Board 49-26] cannot add Board Part digilentinc.com:genesys2:part0:1.1 available at /tools/Xilinx/Vivado/2023.2/data/boards/board_files/genesys2/H/board.xml as part xc7k325tffg900-2 specified in board_part file is either invalid or not available
WARNING: [Board 49-26] cannot add Board Part digilentinc.com:sword:part0:1.0 available at /tools/Xilinx/Vivado/2023.2/data/boards/board_files/sword/C.0/board.xml as part xc7k325tffg900-2 specified in board_part file is either invalid or not available
WARNING: [Board 49-26] cannot add Board Part xilinx.com:kc705:part0:1.6 available at /tools/Xilinx/Vivado/2023.2/data/xhub/boards/XilinxBoardStore/boards/Xilinx/kc705/1.6/board.xml as part xc7k325tffg900-2 specified in board_part file is either invalid or not available
WARNING: [Board 49-26] cannot add Board Part xilinx.com:kcu105:part0:1.6 available at /tools/Xilinx/Vivado/2023.2/data/xhub/boards/XilinxBoardStore/boards/Xilinx/kcu105/1.6/board.xml as part xcku040-ffva1156-2-e specified in board_part file is either invalid or not available
WARNING: [Board 49-26] cannot add Board Part xilinx.com:kcu105:part0:1.7 available at /tools/Xilinx/Vivado/2023.2/data/xhub/boards/XilinxBoardStore/boards/Xilinx/kcu105/1.7/board.xml as part xcku040-ffva1156-2-e specified in board_part file is either invalid or not available
WARNING: [Board 49-26] cannot add Board Part xilinx.com:kcu1500:part0:1.2 available at /tools/Xilinx/Vivado/2023.2/data/xhub/boards/XilinxBoardStore/boards/Xilinx/kcu1500/1.2/board.xml as part xcku115-flvb2104-2-e specified in board_part file is either invalid or not available
WARNING: [Board 49-26] cannot add Board Part xilinx.com:vc707:part0:1.4 available at /tools/Xilinx/Vivado/2023.2/data/xhub/boards/XilinxBoardStore/boards/Xilinx/vc707/1.4/board.xml as part xc7vx485tffg1761-2 specified in board_part file is either invalid or not available
WARNING: [Board 49-26] cannot add Board Part xilinx.com:vc709:part0:1.8 available at /tools/Xilinx/Vivado/2023.2/data/xhub/boards/XilinxBoardStore/boards/Xilinx/vc709/1.8/board.xml as part xc7vx690tffg1761-2 specified in board_part file is either invalid or not available
WARNING: [Board 49-26] cannot add Board Part xilinx.com:vck190:part0:2.2 available at /tools/Xilinx/Vivado/2023.2/data/xhub/boards/XilinxBoardStore/boards/Xilinx/vck190/production/2.2/board.xml as part xcvc1902-vsva2197-2mp-e-s specified in board_part file is either invalid or not available
WARNING: [Board 49-26] cannot add Board Part xilinx.com:vck190:part0:3.0 available at /tools/Xilinx/Vivado/2023.2/data/xhub/boards/XilinxBoardStore/boards/Xilinx/vck190/production/3.0/board.xml as part xcvc1902-vsva2197-2mp-e-s specified in board_part file is either invalid or not available
WARNING: [Board 49-26] cannot add Board Part xilinx.com:vck190:part0:3.1 available at /tools/Xilinx/Vivado/2023.2/data/xhub/boards/XilinxBoardStore/boards/Xilinx/vck190/production/3.1/board.xml as part xcvc1902-vsva2197-2mp-e-s specified in board_part file is either invalid or not available
WARNING: [Board 49-26] cannot add Board Part xilinx.com:vck190:part0:3.2 available at /tools/Xilinx/Vivado/2023.2/data/xhub/boards/XilinxBoardStore/boards/Xilinx/vck190/production/3.2/board.xml as part xcvc1902-vsva2197-2mp-e-s specified in board_part file is either invalid or not available
WARNING: [Board 49-26] cannot add Board Part xilinx.com:vck190_newl:part0:1.0 available at /tools/Xilinx/Vivado/2023.2/data/xhub/boards/XilinxBoardStore/boards/Xilinx/vck190_newl/production/1.0/board.xml as part xcvc1902-vsva2197-2mp-e-s specified in board_part file is either invalid or not available
WARNING: [Board 49-26] cannot add Board Part xilinx.com:vck190_newl:part0:1.1 available at /tools/Xilinx/Vivado/2023.2/data/xhub/boards/XilinxBoardStore/boards/Xilinx/vck190_newl/production/1.1/board.xml as part xcvc1902-vsva2197-2mp-e-s specified in board_part file is either invalid or not available
WARNING: [Board 49-26] cannot add Board Part xilinx.com:vcu108:part0:1.6 available at /tools/Xilinx/Vivado/2023.2/data/xhub/boards/XilinxBoardStore/boards/Xilinx/vcu108/1.6/board.xml as part xcvu095-ffva2104-2-e specified in board_part file is either invalid or not available
WARNING: [Board 49-26] cannot add Board Part xilinx.com:vcu108:part0:1.7 available at /tools/Xilinx/Vivado/2023.2/data/xhub/boards/XilinxBoardStore/boards/Xilinx/vcu108/1.7/board.xml as part xcvu095-ffva2104-2-e specified in board_part file is either invalid or not available
WARNING: [Board 49-26] cannot add Board Part xilinx.com:vcu110:part0:1.4 available at /tools/Xilinx/Vivado/2023.2/data/xhub/boards/XilinxBoardStore/boards/Xilinx/vcu110/1.4/board.xml as part xcvu190-flgc2104-2-e specified in board_part file is either invalid or not available
WARNING: [Board 49-26] cannot add Board Part xilinx.com:vcu118:part0:2.0 available at /tools/Xilinx/Vivado/2023.2/data/xhub/boards/XilinxBoardStore/boards/Xilinx/vcu118/2.0/board.xml as part xcvu9p-flga2104-2l-e specified in board_part file is either invalid or not available
WARNING: [Board 49-26] cannot add Board Part xilinx.com:vcu118:part0:2.3 available at /tools/Xilinx/Vivado/2023.2/data/xhub/boards/XilinxBoardStore/boards/Xilinx/vcu118/2.3/board.xml as part xcvu9p-flga2104-2l-e specified in board_part file is either invalid or not available
WARNING: [Board 49-26] cannot add Board Part xilinx.com:vcu118:part0:2.4 available at /tools/Xilinx/Vivado/2023.2/data/xhub/boards/XilinxBoardStore/boards/Xilinx/vcu118/2.4/board.xml as part xcvu9p-flga2104-2l-e specified in board_part file is either invalid or not available
WARNING: [Board 49-26] cannot add Board Part xilinx.com:vcu129:part0:1.0 available at /tools/Xilinx/Vivado/2023.2/data/xhub/boards/XilinxBoardStore/boards/Xilinx/vcu129/production/1.0/board.xml as part xcvu29p-fsga2577-2l-e specified in board_part file is either invalid or not available
WARNING: [Board 49-26] cannot add Board Part xilinx.com:vcu1525:part0:1.3 available at /tools/Xilinx/Vivado/2023.2/data/xhub/boards/XilinxBoardStore/boards/Xilinx/vcu1525/1.3/board.xml as part xcvu9p-fsgd2104-2l-e specified in board_part file is either invalid or not available
WARNING: [Board 49-26] cannot add Board Part xilinx.com:vek280:part0:1.0 available at /tools/Xilinx/Vivado/2023.2/data/xhub/boards/XilinxBoardStore/boards/Xilinx/vek280/production/1.0/board.xml as part xcve2802-vsvh1760-2mp-e-s specified in board_part file is either invalid or not available
WARNING: [Board 49-26] cannot add Board Part xilinx.com:vek280_es:part0:1.0 available at /tools/Xilinx/Vivado/2023.2/data/xhub/boards/XilinxBoardStore/boards/Xilinx/vek280/es/rev_a/1.0/board.xml as part xcve2802-vsvh1760-2lp-e-s-es1 specified in board_part file is either invalid or not available
WARNING: [Board 49-26] cannot add Board Part xilinx.com:vek280_es:part0:1.1 available at /tools/Xilinx/Vivado/2023.2/data/xhub/boards/XilinxBoardStore/boards/Xilinx/vek280/es/rev_a/1.1/board.xml as part xcve2802-vsvh1760-2lp-e-s-es1 specified in board_part file is either invalid or not available
WARNING: [Board 49-26] cannot add Board Part xilinx.com:vek280_es_revb:part0:1.0 available at /tools/Xilinx/Vivado/2023.2/data/xhub/boards/XilinxBoardStore/boards/Xilinx/vek280/es/rev_b/1.0/board.xml as part xcve2802-vsvh1760-2mp-e-s-es1 specified in board_part file is either invalid or not available
WARNING: [Board 49-26] cannot add Board Part xilinx.com:vek280_es_revb:part0:1.1 available at /tools/Xilinx/Vivado/2023.2/data/xhub/boards/XilinxBoardStore/boards/Xilinx/vek280/es/rev_b/1.1/board.xml as part xcve2802-vsvh1760-2mp-e-s-es1 specified in board_part file is either invalid or not available
WARNING: [Board 49-26] cannot add Board Part xilinx.com:vermeo_t1_mpsoc:part0:1.0 available at /tools/Xilinx/Vivado/2023.2/data/xhub/boards/XilinxBoardStore/boards/Xilinx/vermeo_t1_mpsoc/1.0/board.xml as part xczu19eg-ffvd1760-2l-e specified in board_part file is either invalid or not available
WARNING: [Board 49-26] cannot add Board Part xilinx.com:vermeo_t1_rfsoc:part0:1.0 available at /tools/Xilinx/Vivado/2023.2/data/xhub/boards/XilinxBoardStore/boards/Xilinx/vermeo_t1_rfsoc/1.0/board.xml as part xczu21dr-ffvd1156-2l-e specified in board_part file is either invalid or not available
WARNING: [Board 49-26] cannot add Board Part xilinx.com:vhk158:part0:1.0 available at /tools/Xilinx/Vivado/2023.2/data/xhub/boards/XilinxBoardStore/boards/Xilinx/vhk158/production/1.0/board.xml as part xcvh1582-vsva3697-2mp-e-s specified in board_part file is either invalid or not available
WARNING: [Board 49-26] cannot add Board Part xilinx.com:vhk158:part0:1.1 available at /tools/Xilinx/Vivado/2023.2/data/xhub/boards/XilinxBoardStore/boards/Xilinx/vhk158/production/1.1/board.xml as part xcvh1582-vsva3697-2mp-e-s specified in board_part file is either invalid or not available
WARNING: [Board 49-26] cannot add Board Part xilinx.com:vhk158_es:part0:1.0 available at /tools/Xilinx/Vivado/2023.2/data/xhub/boards/XilinxBoardStore/boards/Xilinx/vhk158/es/1.0/board.xml as part xcvh1582-vsva3697-2mp-e-s-es1 specified in board_part file is either invalid or not available
WARNING: [Board 49-26] cannot add Board Part xilinx.com:vhk158_es:part0:1.1 available at /tools/Xilinx/Vivado/2023.2/data/xhub/boards/XilinxBoardStore/boards/Xilinx/vhk158/es/1.1/board.xml as part xcvh1582-vsva3697-2mp-e-s-es1 specified in board_part file is either invalid or not available
WARNING: [Board 49-26] cannot add Board Part xilinx.com:vmk180:part0:2.2 available at /tools/Xilinx/Vivado/2023.2/data/xhub/boards/XilinxBoardStore/boards/Xilinx/vmk180/production/2.2/board.xml as part xcvm1802-vsva2197-2mp-e-s specified in board_part file is either invalid or not available
WARNING: [Board 49-26] cannot add Board Part xilinx.com:vmk180:part0:3.0 available at /tools/Xilinx/Vivado/2023.2/data/xhub/boards/XilinxBoardStore/boards/Xilinx/vmk180/production/3.0/board.xml as part xcvm1802-vsva2197-2mp-e-s specified in board_part file is either invalid or not available
WARNING: [Board 49-26] cannot add Board Part xilinx.com:vmk180:part0:3.1 available at /tools/Xilinx/Vivado/2023.2/data/xhub/boards/XilinxBoardStore/boards/Xilinx/vmk180/production/3.1/board.xml as part xcvm1802-vsva2197-2mp-e-s specified in board_part file is either invalid or not available
WARNING: [Board 49-26] cannot add Board Part xilinx.com:vmk180:part0:3.2 available at /tools/Xilinx/Vivado/2023.2/data/xhub/boards/XilinxBoardStore/boards/Xilinx/vmk180/production/3.2/board.xml as part xcvm1802-vsva2197-2mp-e-s specified in board_part file is either invalid or not available
WARNING: [Board 49-26] cannot add Board Part xilinx.com:vmk180_newl:part0:1.0 available at /tools/Xilinx/Vivado/2023.2/data/xhub/boards/XilinxBoardStore/boards/Xilinx/vmk180_newl/production/1.0/board.xml as part xcvm1802-vsva2197-2mp-e-s specified in board_part file is either invalid or not available
WARNING: [Board 49-26] cannot add Board Part xilinx.com:vmk180_newl:part0:1.1 available at /tools/Xilinx/Vivado/2023.2/data/xhub/boards/XilinxBoardStore/boards/Xilinx/vmk180_newl/production/1.1/board.xml as part xcvm1802-vsva2197-2mp-e-s specified in board_part file is either invalid or not available
WARNING: [Board 49-26] cannot add Board Part xilinx.com:vpk120:part0:1.0 available at /tools/Xilinx/Vivado/2023.2/data/xhub/boards/XilinxBoardStore/boards/Xilinx/vpk120/production/1.0/board.xml as part xcvp1202-vsva2785-2mp-e-s specified in board_part file is either invalid or not available
WARNING: [Board 49-26] cannot add Board Part xilinx.com:vpk120:part0:1.1 available at /tools/Xilinx/Vivado/2023.2/data/xhub/boards/XilinxBoardStore/boards/Xilinx/vpk120/production/1.1/board.xml as part xcvp1202-vsva2785-2mp-e-s specified in board_part file is either invalid or not available
WARNING: [Board 49-26] cannot add Board Part xilinx.com:vpk120:part0:1.2 available at /tools/Xilinx/Vivado/2023.2/data/xhub/boards/XilinxBoardStore/boards/Xilinx/vpk120/production/1.2/board.xml as part xcvp1202-vsva2785-2mp-e-s specified in board_part file is either invalid or not available
WARNING: [Board 49-26] cannot add Board Part xilinx.com:vpk180:part0:1.0 available at /tools/Xilinx/Vivado/2023.2/data/xhub/boards/XilinxBoardStore/boards/Xilinx/vpk180/production/1.0/board.xml as part xcvp1802-lsvc4072-2mp-e-s specified in board_part file is either invalid or not available
WARNING: [Board 49-26] cannot add Board Part xilinx.com:vpk180:part0:1.1 available at /tools/Xilinx/Vivado/2023.2/data/xhub/boards/XilinxBoardStore/boards/Xilinx/vpk180/production/1.1/board.xml as part xcvp1802-lsvc4072-2mp-e-s specified in board_part file is either invalid or not available
WARNING: [Board 49-26] cannot add Board Part xilinx.com:zc706:part0:1.4 available at /tools/Xilinx/Vivado/2023.2/data/xhub/boards/XilinxBoardStore/boards/Xilinx/zc706/1.4/board.xml as part xc7z045ffg900-2 specified in board_part file is either invalid or not available
WARNING: [Board 49-26] cannot add Board Part xilinx.com:zcu102:part0:3.3 available at /tools/Xilinx/Vivado/2023.2/data/xhub/boards/XilinxBoardStore/boards/Xilinx/zcu102/3.3/board.xml as part xczu9eg-ffvb1156-2-e specified in board_part file is either invalid or not available
WARNING: [Board 49-26] cannot add Board Part xilinx.com:zcu102:part0:3.4 available at /tools/Xilinx/Vivado/2023.2/data/xhub/boards/XilinxBoardStore/boards/Xilinx/zcu102/3.4/board.xml as part xczu9eg-ffvb1156-2-e specified in board_part file is either invalid or not available
WARNING: [Board 49-26] cannot add Board Part xilinx.com:zcu111:part0:1.2 available at /tools/Xilinx/Vivado/2023.2/data/xhub/boards/XilinxBoardStore/boards/Xilinx/zcu111/1.2/board.xml as part xczu28dr-ffvg1517-2-e specified in board_part file is either invalid or not available
WARNING: [Board 49-26] cannot add Board Part xilinx.com:zcu111:part0:1.3 available at /tools/Xilinx/Vivado/2023.2/data/xhub/boards/XilinxBoardStore/boards/Xilinx/zcu111/1.3/board.xml as part xczu28dr-ffvg1517-2-e specified in board_part file is either invalid or not available
WARNING: [Board 49-26] cannot add Board Part xilinx.com:zcu111:part0:1.4 available at /tools/Xilinx/Vivado/2023.2/data/xhub/boards/XilinxBoardStore/boards/Xilinx/zcu111/1.4/board.xml as part xczu28dr-ffvg1517-2-e specified in board_part file is either invalid or not available
WARNING: [Board 49-26] cannot add Board Part xilinx.com:zcu1275:part0:1.0 available at /tools/Xilinx/Vivado/2023.2/data/xhub/boards/XilinxBoardStore/boards/Xilinx/zcu1275/1.0/board.xml as part xczu29dr-ffvf1760-2-e specified in board_part file is either invalid or not available
WARNING: [Board 49-26] cannot add Board Part xilinx.com:zcu1285:part0:1.0 available at /tools/Xilinx/Vivado/2023.2/data/xhub/boards/XilinxBoardStore/boards/Xilinx/zcu1285/1.0/board.xml as part xczu39dr-ffvf1760-2-i specified in board_part file is either invalid or not available
WARNING: [Board 49-26] cannot add Board Part xilinx.com:zcu208:part0:2.0 available at /tools/Xilinx/Vivado/2023.2/data/xhub/boards/XilinxBoardStore/boards/Xilinx/zcu208/production/2.0/board.xml as part xczu48dr-fsvg1517-2-e specified in board_part file is either invalid or not available
WARNING: [Board 49-26] cannot add Board Part xilinx.com:zcu208ld:part0:2.0 available at /tools/Xilinx/Vivado/2023.2/data/xhub/boards/XilinxBoardStore/boards/Xilinx/zcu208ld/production/2.0/board.xml as part xczu58dr-fsvg1517-2-i specified in board_part file is either invalid or not available
WARNING: [Board 49-26] cannot add Board Part xilinx.com:zcu216:part0:2.0 available at /tools/Xilinx/Vivado/2023.2/data/xhub/boards/XilinxBoardStore/boards/Xilinx/zcu216/production/2.0/board.xml as part xczu49dr-ffvf1760-2-e specified in board_part file is either invalid or not available
WARNING: [Board 49-26] cannot add Board Part xilinx.com:zcu216ld:part0:2.0 available at /tools/Xilinx/Vivado/2023.2/data/xhub/boards/XilinxBoardStore/boards/Xilinx/zcu216ld/production/2.0/board.xml as part xczu59dr-ffvf1760-2-i specified in board_part file is either invalid or not available
WARNING: [Board 49-26] cannot add Board Part xilinx.com:zcu670:part0:2.0 available at /tools/Xilinx/Vivado/2023.2/data/xhub/boards/XilinxBoardStore/boards/Xilinx/zcu670/2.0/board.xml as part xczu67dr-fsve1156-2-i specified in board_part file is either invalid or not available
WARNING: [Board 49-26] cannot add Board Part xilinx.com:zcu670ld:part0:1.0 available at /tools/Xilinx/Vivado/2023.2/data/xhub/boards/XilinxBoardStore/boards/Xilinx/zcu670ld/1.0/board.xml as part xczu57dr-fsve1156-2-i specified in board_part file is either invalid or not available
open_project /home/hyw75/vivado_project/letyouin/shift_register/shift_register.xpr
INFO: [filemgmt 56-3] Default IP Output Path : Could not find the directory '/home/hyw75/vivado_project/letyouin/shift_register/shift_register.gen/sources_1'.
CRITICAL WARNING: [Project 1-19] Could not find the file '/home/hyw75/vivado_project/letyouin/shift_register.v'.
CRITICAL WARNING: [Project 1-19] Could not find the file '/home/hyw75/vivado_project/letyouin/tb_shift_register.sv'.
Scanning sources...
Finished scanning sources
INFO: [IP_Flow 19-234] Refreshing IP repositories
INFO: [IP_Flow 19-1704] No user IP repositories specified
INFO: [IP_Flow 19-2313] Loaded Vivado IP repository '/tools/Xilinx/Vivado/2023.2/data/ip'.
update_compile_order -fileset sources_1
close_project
open_project /home/hyw75/camera2hdmi_final/camera2hdmi_final.xpr
Scanning sources...
Finished scanning sources
INFO: [IP_Flow 19-234] Refreshing IP repositories
INFO: [IP_Flow 19-1700] Loaded user IP repository '/home/hyw75/vivado_project/vivado-library-master'.
INFO: [IP_Flow 19-2313] Loaded Vivado IP repository '/tools/Xilinx/Vivado/2023.2/data/ip'.
update_compile_order -fileset sources_1
open_bd_design {/home/hyw75/camera2hdmi_final/camera2hdmi_final.srcs/sources_1/bd/design_1/design_1.bd}
Reading block design file </home/hyw75/camera2hdmi_final/camera2hdmi_final.srcs/sources_1/bd/design_1/design_1.bd>...
Adding component instance block -- xilinx.com:ip:v_axi4s_vid_out:4.0 - v_axi4s_vid_out_0
Adding component instance block -- xilinx.com:ip:v_tc:6.2 - v_tc_0
Adding component instance block -- xilinx.com:ip:clk_wiz:6.0 - clk_wiz_0
Adding component instance block -- xilinx.com:ip:processing_system7:5.5 - processing_system7_0
Adding component instance block -- xilinx.com:ip:proc_sys_reset:5.0 - proc_sys_reset_0
Adding component instance block -- xilinx.com:ip:axi_vdma:6.3 - axi_vdma_0
Adding component instance block -- xilinx.com:ip:smartconnect:1.0 - smartconnect_0
Adding component instance block -- xilinx.com:ip:smartconnect:1.0 - smartconnect_1
Adding component instance block -- xilinx.com:ip:xlconstant:1.1 - xlconstant_1
Adding component instance block -- xilinx.com:ip:xlconstant:1.1 - xlconstant_0
Adding component instance block -- xilinx.com:module_ref:camera_configure:1.0 - camera_configure_0
Adding component instance block -- xilinx.com:module_ref:ov7670_axi_stream_capture:1.0 - ov7670_axi_stream_ca_0
Adding component instance block -- digilentinc.com:ip:dvi2rgb:2.0 - dvi2rgb_0
Adding component instance block -- digilentinc.com:ip:rgb2dvi:1.4 - rgb2dvi_0
Successfully read diagram <design_1> from block design file </home/hyw75/camera2hdmi_final/camera2hdmi_final.srcs/sources_1/bd/design_1/design_1.bd>
startgroup
create_bd_cell -type ip -vlnv xilinx.com:ip:system_ila:1.1 system_ila_0
endgroup
set_property HDL_ATTRIBUTE.DEBUG true [get_bd_intf_nets {ov7670_axi_stream_ca_0_m_axis}]
true
set_property location {5 968 68} [get_bd_cells system_ila_0]
startgroup
set_property HDL_ATTRIBUTE.DEBUG false [get_bd_intf_nets { ov7670_axi_stream_ca_0_m_axis } ]
endgroup
set_property HDL_ATTRIBUTE.DEBUG true [get_bd_intf_nets {ov7670_axi_stream_ca_0_m_axis}]
true
apply_bd_automation -rule xilinx.com:bd_rule:debug -dict [list \
                                                          [get_bd_intf_nets ov7670_axi_stream_ca_0_m_axis] {AXIS_SIGNALS "Data and Trigger" CLK_SRC "/ov7670_axi_stream_ca_0/aclk" SYSTEM_ILA "Auto" APC_EN "0" } \
                                                         ]
Debug Automation : Re-customizing System ILA block '/system_ila_0' to mode INTERFACE, with 0 new slot interface pins and 0 new probe pins. Also setting parameters on this block, corresponding to newly enabled interface pins and probe pins as specified via Debug Automation.
Debug Automation : Connecting source clock pin /ov7670_axi_stream_ca_0/aclk to the following sink clock pins :
/system_ila_0/clk
INFO: [Ipptcl 7-1463] No Compatible Board Interface found. Board Tab not created in customize GUI
Debug Automation : Instantiated new Processor System Reset block /rst_design_1_100M, with its 'slowest_sync_clk' clock pin driven by /ov7670_axi_stream_ca_0/aclk.
Debug Automation : Connecting source reset pin /rst_design_1_100M/peripheral_aresetn to the following sink reset pins :
/system_ila_0/resetn
Debug Automation : Connecting interface connection /ov7670_axi_stream_ca_0_m_axis, to System ILA slot interface pin /system_ila_0/SLOT_0_AXIS for debug.
undo
INFO: [Common 17-17] undo 'apply_bd_automation -rule xilinx.com:bd_rule:debug -dict [list \
                                                          [get_bd_intf_nets ov7670_axi_stream_ca_0_m_axis] {AXIS_SIGNALS "Data and Trigger" CLK_SRC "/ov7670_axi_stream_ca_0/aclk" SYSTEM_ILA "Auto" APC_EN "0" } \
                                                         ]'
apply_bd_automation -rule xilinx.com:bd_rule:debug -dict [list \
                                                          [get_bd_intf_nets ov7670_axi_stream_ca_0_m_axis] {AXIS_SIGNALS "Data and Trigger" CLK_SRC "/ov7670_axi_stream_ca_0/aclk" SYSTEM_ILA "Auto" APC_EN "0" } \
                                                         ]
Debug Automation : Re-customizing System ILA block '/system_ila_0' to mode INTERFACE, with 0 new slot interface pins and 0 new probe pins. Also setting parameters on this block, corresponding to newly enabled interface pins and probe pins as specified via Debug Automation.
Debug Automation : Connecting source clock pin /ov7670_axi_stream_ca_0/aclk to the following sink clock pins :
/system_ila_0/clk
INFO: [Ipptcl 7-1463] No Compatible Board Interface found. Board Tab not created in customize GUI
Debug Automation : Instantiated new Processor System Reset block /rst_design_1_100M, with its 'slowest_sync_clk' clock pin driven by /ov7670_axi_stream_ca_0/aclk.
Debug Automation : Connecting source reset pin /rst_design_1_100M/peripheral_aresetn to the following sink reset pins :
/system_ila_0/resetn
Debug Automation : Connecting interface connection /ov7670_axi_stream_ca_0_m_axis, to System ILA slot interface pin /system_ila_0/SLOT_0_AXIS for debug.
undo
INFO: [Common 17-17] undo 'apply_bd_automation -rule xilinx.com:bd_rule:debug -dict [list \
                                                          [get_bd_intf_nets ov7670_axi_stream_ca_0_m_axis] {AXIS_SIGNALS "Data and Trigger" CLK_SRC "/ov7670_axi_stream_ca_0/aclk" SYSTEM_ILA "Auto" APC_EN "0" } \
                                                         ]'
apply_bd_automation -rule xilinx.com:bd_rule:debug -dict [list \
                                                          [get_bd_intf_nets ov7670_axi_stream_ca_0_m_axis] {AXIS_SIGNALS "Data and Trigger" CLK_SRC "/ov7670_axi_stream_ca_0/aclk" SYSTEM_ILA "Auto" APC_EN "0" } \
                                                         ]
Debug Automation : Re-customizing System ILA block '/system_ila_0' to mode INTERFACE, with 0 new slot interface pins and 0 new probe pins. Also setting parameters on this block, corresponding to newly enabled interface pins and probe pins as specified via Debug Automation.
Debug Automation : Connecting source clock pin /ov7670_axi_stream_ca_0/aclk to the following sink clock pins :
/system_ila_0/clk
INFO: [Ipptcl 7-1463] No Compatible Board Interface found. Board Tab not created in customize GUI
Debug Automation : Instantiated new Processor System Reset block /rst_design_1_100M, with its 'slowest_sync_clk' clock pin driven by /ov7670_axi_stream_ca_0/aclk.
Debug Automation : Connecting source reset pin /rst_design_1_100M/peripheral_aresetn to the following sink reset pins :
/system_ila_0/resetn
Debug Automation : Connecting interface connection /ov7670_axi_stream_ca_0_m_axis, to System ILA slot interface pin /system_ila_0/SLOT_0_AXIS for debug.
undo
INFO: [Common 17-17] undo 'apply_bd_automation -rule xilinx.com:bd_rule:debug -dict [list \
                                                          [get_bd_intf_nets ov7670_axi_stream_ca_0_m_axis] {AXIS_SIGNALS "Data and Trigger" CLK_SRC "/ov7670_axi_stream_ca_0/aclk" SYSTEM_ILA "Auto" APC_EN "0" } \
                                                         ]'
apply_bd_automation -rule xilinx.com:bd_rule:debug -dict [list \
                                                          [get_bd_intf_nets ov7670_axi_stream_ca_0_m_axis] {AXIS_SIGNALS "Data and Trigger" CLK_SRC "/ov7670_axi_stream_ca_0/aclk" SYSTEM_ILA "Auto" APC_EN "0" } \
                                                         ]
Debug Automation : Re-customizing System ILA block '/system_ila_0' to mode INTERFACE, with 0 new slot interface pins and 0 new probe pins. Also setting parameters on this block, corresponding to newly enabled interface pins and probe pins as specified via Debug Automation.
Debug Automation : Connecting source clock pin /ov7670_axi_stream_ca_0/aclk to the following sink clock pins :
/system_ila_0/clk
INFO: [Ipptcl 7-1463] No Compatible Board Interface found. Board Tab not created in customize GUI
Debug Automation : Instantiated new Processor System Reset block /rst_design_1_100M, with its 'slowest_sync_clk' clock pin driven by /ov7670_axi_stream_ca_0/aclk.
Debug Automation : Connecting source reset pin /rst_design_1_100M/peripheral_aresetn to the following sink reset pins :
/system_ila_0/resetn
Debug Automation : Connecting interface connection /ov7670_axi_stream_ca_0_m_axis, to System ILA slot interface pin /system_ila_0/SLOT_0_AXIS for debug.
undo
INFO: [Common 17-17] undo 'apply_bd_automation -rule xilinx.com:bd_rule:debug -dict [list \
                                                          [get_bd_intf_nets ov7670_axi_stream_ca_0_m_axis] {AXIS_SIGNALS "Data and Trigger" CLK_SRC "/ov7670_axi_stream_ca_0/aclk" SYSTEM_ILA "Auto" APC_EN "0" } \
                                                         ]'
apply_bd_automation -rule xilinx.com:bd_rule:debug -dict [list \
                                                          [get_bd_intf_nets ov7670_axi_stream_ca_0_m_axis] {AXIS_SIGNALS "Data and Trigger" CLK_SRC "/ov7670_axi_stream_ca_0/aclk" SYSTEM_ILA "Auto" APC_EN "0" } \
                                                         ]
Debug Automation : Re-customizing System ILA block '/system_ila_0' to mode INTERFACE, with 0 new slot interface pins and 0 new probe pins. Also setting parameters on this block, corresponding to newly enabled interface pins and probe pins as specified via Debug Automation.
Debug Automation : Connecting source clock pin /ov7670_axi_stream_ca_0/aclk to the following sink clock pins :
/system_ila_0/clk
INFO: [Ipptcl 7-1463] No Compatible Board Interface found. Board Tab not created in customize GUI
Debug Automation : Instantiated new Processor System Reset block /rst_design_1_100M, with its 'slowest_sync_clk' clock pin driven by /ov7670_axi_stream_ca_0/aclk.
Debug Automation : Connecting source reset pin /rst_design_1_100M/peripheral_aresetn to the following sink reset pins :
/system_ila_0/resetn
Debug Automation : Connecting interface connection /ov7670_axi_stream_ca_0_m_axis, to System ILA slot interface pin /system_ila_0/SLOT_0_AXIS for debug.
undo
INFO: [Common 17-17] undo 'apply_bd_automation -rule xilinx.com:bd_rule:debug -dict [list \
                                                          [get_bd_intf_nets ov7670_axi_stream_ca_0_m_axis] {AXIS_SIGNALS "Data and Trigger" CLK_SRC "/ov7670_axi_stream_ca_0/aclk" SYSTEM_ILA "Auto" APC_EN "0" } \
                                                         ]'
apply_bd_automation -rule xilinx.com:bd_rule:debug -dict [list \
                                                          [get_bd_intf_nets ov7670_axi_stream_ca_0_m_axis] {AXIS_SIGNALS "Data and Trigger" CLK_SRC "/ov7670_axi_stream_ca_0/aclk" SYSTEM_ILA "Auto" APC_EN "0" } \
                                                         ]
Debug Automation : Re-customizing System ILA block '/system_ila_0' to mode INTERFACE, with 0 new slot interface pins and 0 new probe pins. Also setting parameters on this block, corresponding to newly enabled interface pins and probe pins as specified via Debug Automation.
Debug Automation : Connecting source clock pin /ov7670_axi_stream_ca_0/aclk to the following sink clock pins :
/system_ila_0/clk
INFO: [Ipptcl 7-1463] No Compatible Board Interface found. Board Tab not created in customize GUI
Debug Automation : Instantiated new Processor System Reset block /rst_design_1_100M, with its 'slowest_sync_clk' clock pin driven by /ov7670_axi_stream_ca_0/aclk.
Debug Automation : Connecting source reset pin /rst_design_1_100M/peripheral_aresetn to the following sink reset pins :
/system_ila_0/resetn
Debug Automation : Connecting interface connection /ov7670_axi_stream_ca_0_m_axis, to System ILA slot interface pin /system_ila_0/SLOT_0_AXIS for debug.
apply_bd_automation -rule xilinx.com:bd_rule:board -config { Manual_Source {Auto}}  [get_bd_pins rst_design_1_100M/ext_reset_in]
undo
INFO: [Common 17-17] undo 'apply_bd_automation -rule xilinx.com:bd_rule:board -config { Manual_Source {Auto}}  [get_bd_pins rst_design_1_100M/ext_reset_in]'
apply_bd_automation -rule xilinx.com:bd_rule:board -config { Manual_Source {Auto}}  [get_bd_pins rst_design_1_100M/ext_reset_in]
validate_bd_design
WARNING: [BD 41-1781] Updates have been made to one or more nets/interface connections marked for debug.
Debug nets, which are already connected to any ILA IP core in the block-design, will be automatically available for debug in Hardware Manager.
For unconnected Debug nets, please open synthesized design and use 'Set Up Debug' wizard to insert, modify or delete Debug Cores. 
INFO: [BD 5-943] Reserving offset range <0x4300_0000 [ 64K ]> from slave interface '/smartconnect_1/S00_AXI' to master interface '/smartconnect_1/M00_AXI'. This will be used by smartconnect on path for routing.
INFO: [xilinx.com:ip:smartconnect:1.0-1] design_1_smartconnect_1_0: SmartConnect design_1_smartconnect_1_0 is in Low-Area Mode.
INFO: [Ipptcl 7-1463] No Compatible Board Interface found. Board Tab not created in customize GUI
INFO: [BD 5-943] Reserving offset range <0x0000_0000 [ 512M ]> from slave interface '/smartconnect_0/S00_AXI' to master interface '/smartconnect_0/M00_AXI'. This will be used by smartconnect on path for routing.
INFO: [BD 5-943] Reserving offset range <0x0000_0000 [ 512M ]> from slave interface '/smartconnect_0/S01_AXI' to master interface '/smartconnect_0/M00_AXI'. This will be used by smartconnect on path for routing.
INFO: [xilinx.com:ip:smartconnect:1.0-1] design_1_smartconnect_0_0: SmartConnect design_1_smartconnect_0_0 is in High-performance Mode.
INFO: [xilinx.com:ip:axi_vdma:6.3-15] /axi_vdma_0 
                    All clocks connected to AXI VDMA are not identical, therefore configuring AXI-VDMA in ASYNC mode.
WARNING: [xilinx.com:ip:axi_vdma:6.3-155] /axi_vdma_0 
                    To get the better performance, ensure AXI Memory Map clock frequency is greater than equal to AXI Streaming clock frequency.
INFO: [xilinx.com:ip:clk_wiz:6.0-1] /clk_wiz_0 clk_wiz propagate
validate_bd_design: Time (s): cpu = 00:00:09 ; elapsed = 00:00:08 . Memory (MB): peak = 8801.262 ; gain = 0.000 ; free physical = 4374 ; free virtual = 7167
save_bd_design
WARNING: [BD 41-2671] The dangling interface net <m00_aw_node_M_AXIS_ARB> will not be written out to the BD file.
Wrote  : </home/hyw75/camera2hdmi_final/camera2hdmi_final.srcs/sources_1/bd/design_1/design_1.bd> 
Wrote  : </home/hyw75/camera2hdmi_final/camera2hdmi_final.srcs/sources_1/bd/design_1/ui/bd_1f5defd0.ui> 
reset_run synth_1
INFO: [Project 1-1161] Replacing file /home/hyw75/camera2hdmi_final/camera2hdmi_final.srcs/utils_1/imports/synth_1/camera_configure.dcp with file /home/hyw75/camera2hdmi_final/camera2hdmi_final.runs/synth_1/camera_configure.dcp
reset_run design_1_smartconnect_0_0_synth_1
reset_run design_1_smartconnect_1_0_synth_1
launch_runs impl_1 -to_step write_bitstream -jobs 4
INFO: [BD 41-1662] The design 'design_1.bd' is already validated. Therefore parameter propagation will not be re-run.
Verilog Output written to : /home/hyw75/camera2hdmi_final/camera2hdmi_final.gen/sources_1/bd/design_1/synth/design_1.v
Verilog Output written to : /home/hyw75/camera2hdmi_final/camera2hdmi_final.gen/sources_1/bd/design_1/sim/design_1.v
Verilog Output written to : /home/hyw75/camera2hdmi_final/camera2hdmi_final.gen/sources_1/bd/design_1/hdl/design_1_wrapper.v
Exporting to file /home/hyw75/camera2hdmi_final/camera2hdmi_final.gen/sources_1/bd/design_1/ip/design_1_smartconnect_0_0/bd_0/hw_handoff/design_1_smartconnect_0_0.hwh
Generated Hardware Definition File /home/hyw75/camera2hdmi_final/camera2hdmi_final.gen/sources_1/bd/design_1/ip/design_1_smartconnect_0_0/bd_0/synth/design_1_smartconnect_0_0.hwdef
INFO: [BD 41-1029] Generation completed for the IP Integrator block smartconnect_0 .
Exporting to file /home/hyw75/camera2hdmi_final/camera2hdmi_final.gen/sources_1/bd/design_1/ip/design_1_smartconnect_1_0/bd_0/hw_handoff/design_1_smartconnect_1_0.hwh
Generated Hardware Definition File /home/hyw75/camera2hdmi_final/camera2hdmi_final.gen/sources_1/bd/design_1/ip/design_1_smartconnect_1_0/bd_0/synth/design_1_smartconnect_1_0.hwdef
INFO: [BD 41-1029] Generation completed for the IP Integrator block smartconnect_1 .
WARNING: [IP_Flow 19-4994] Overwriting existing constraint file '/home/hyw75/camera2hdmi_final/camera2hdmi_final.gen/sources_1/bd/design_1/ip/design_1_system_ila_0_0/design_1_system_ila_0_0_ooc.xdc'
Exporting to file /home/hyw75/camera2hdmi_final/camera2hdmi_final.gen/sources_1/bd/design_1/ip/design_1_system_ila_0_0/bd_0/hw_handoff/design_1_system_ila_0_0.hwh
Generated Hardware Definition File /home/hyw75/camera2hdmi_final/camera2hdmi_final.gen/sources_1/bd/design_1/ip/design_1_system_ila_0_0/bd_0/synth/design_1_system_ila_0_0.hwdef
INFO: [BD 41-1029] Generation completed for the IP Integrator block system_ila_0 .
INFO: [BD 41-1029] Generation completed for the IP Integrator block rst_design_1_100M .
Exporting to file /home/hyw75/camera2hdmi_final/camera2hdmi_final.gen/sources_1/bd/design_1/hw_handoff/design_1.hwh
Generated Hardware Definition File /home/hyw75/camera2hdmi_final/camera2hdmi_final.gen/sources_1/bd/design_1/synth/design_1.hwdef
INFO: [IP_Flow 19-6930] IPCACHE: runCacheChecks() number of threads = 8
INFO: [IP_Flow 19-6921] IPCACHE: Adding cache check func to thread queue for IP design_1_rst_design_1_100M_5
INFO: [IP_Flow 19-6921] IPCACHE: Adding cache check func to thread queue for IP design_1_smartconnect_0_0
INFO: [IP_Flow 19-6921] IPCACHE: Adding cache check func to thread queue for IP design_1_smartconnect_1_0
INFO: [IP_Flow 19-6921] IPCACHE: Adding cache check func to thread queue for IP design_1_system_ila_0_0
INFO: [IP_Flow 19-8020] IPCACHE: runCacheChecks() calling threadPool finishWork()
INFO: [IP_Flow 19-6924] IPCACHE: Running cache check for IP inst: design_1_rst_design_1_100M_5
INFO: [IP_Flow 19-6924] IPCACHE: Running cache check for IP inst: design_1_smartconnect_0_0
INFO: [IP_Flow 19-6922] IPCACHE: Exporting cached entry 7cefb952391d5603 to dir: /home/hyw75/camera2hdmi_final/camera2hdmi_final.gen/sources_1/bd/design_1/ip/design_1_smartconnect_0_0
INFO: [IP_Flow 19-6928] IPCACHE: copied cached file /home/hyw75/camera2hdmi_final/camera2hdmi_final.cache/ip/2023.2/7/c/7cefb952391d5603/design_1_smartconnect_0_0_sim_netlist.vhdl to /home/hyw75/camera2hdmi_final/camera2hdmi_final.gen/sources_1/bd/design_1/ip/design_1_smartconnect_0_0/design_1_smartconnect_0_0_sim_netlist.vhdl.
INFO: [IP_Flow 19-6926] IPCACHE: added file to list for BOM: /home/hyw75/camera2hdmi_final/camera2hdmi_final.gen/sources_1/bd/design_1/ip/design_1_smartconnect_0_0/design_1_smartconnect_0_0_sim_netlist.vhdl
INFO: [IP_Flow 19-6928] IPCACHE: copied cached file /home/hyw75/camera2hdmi_final/camera2hdmi_final.cache/ip/2023.2/7/c/7cefb952391d5603/design_1_smartconnect_0_0_stub.vhdl to /home/hyw75/camera2hdmi_final/camera2hdmi_final.gen/sources_1/bd/design_1/ip/design_1_smartconnect_0_0/design_1_smartconnect_0_0_stub.vhdl.
INFO: [IP_Flow 19-6926] IPCACHE: added file to list for BOM: /home/hyw75/camera2hdmi_final/camera2hdmi_final.gen/sources_1/bd/design_1/ip/design_1_smartconnect_0_0/design_1_smartconnect_0_0_stub.vhdl
INFO: [IP_Flow 19-6928] IPCACHE: copied cached file /home/hyw75/camera2hdmi_final/camera2hdmi_final.cache/ip/2023.2/7/c/7cefb952391d5603/design_1_smartconnect_0_0_stub.v to /home/hyw75/camera2hdmi_final/camera2hdmi_final.gen/sources_1/bd/design_1/ip/design_1_smartconnect_0_0/design_1_smartconnect_0_0_stub.v.
INFO: [IP_Flow 19-6926] IPCACHE: added file to list for BOM: /home/hyw75/camera2hdmi_final/camera2hdmi_final.gen/sources_1/bd/design_1/ip/design_1_smartconnect_0_0/design_1_smartconnect_0_0_stub.v
INFO: [IP_Flow 19-6928] IPCACHE: copied cached file /home/hyw75/camera2hdmi_final/camera2hdmi_final.cache/ip/2023.2/7/c/7cefb952391d5603/design_1_smartconnect_0_0.dcp to /home/hyw75/camera2hdmi_final/camera2hdmi_final.gen/sources_1/bd/design_1/ip/design_1_smartconnect_0_0/design_1_smartconnect_0_0.dcp.
INFO: [IP_Flow 19-6926] IPCACHE: added file to list for BOM: /home/hyw75/camera2hdmi_final/camera2hdmi_final.gen/sources_1/bd/design_1/ip/design_1_smartconnect_0_0/design_1_smartconnect_0_0.dcp
INFO: [IP_Flow 19-6928] IPCACHE: copied cached file /home/hyw75/camera2hdmi_final/camera2hdmi_final.cache/ip/2023.2/7/c/7cefb952391d5603/design_1_smartconnect_0_0_sim_netlist.v to /home/hyw75/camera2hdmi_final/camera2hdmi_final.gen/sources_1/bd/design_1/ip/design_1_smartconnect_0_0/design_1_smartconnect_0_0_sim_netlist.v.
INFO: [IP_Flow 19-6926] IPCACHE: added file to list for BOM: /home/hyw75/camera2hdmi_final/camera2hdmi_final.gen/sources_1/bd/design_1/ip/design_1_smartconnect_0_0/design_1_smartconnect_0_0_sim_netlist.v
INFO: [IP_Flow 19-4993] Using cached IP synthesis design for IP design_1_smartconnect_0_0, cache-ID = 7cefb952391d5603; cache size = 31.260 MB.
INFO: [IP_Flow 19-6924] IPCACHE: Running cache check for IP inst: design_1_smartconnect_1_0
INFO: [IP_Flow 19-6922] IPCACHE: Exporting cached entry 3a265ade04694a34 to dir: /home/hyw75/camera2hdmi_final/camera2hdmi_final.gen/sources_1/bd/design_1/ip/design_1_smartconnect_1_0
INFO: [IP_Flow 19-6928] IPCACHE: copied cached file /home/hyw75/camera2hdmi_final/camera2hdmi_final.cache/ip/2023.2/3/a/3a265ade04694a34/design_1_smartconnect_1_0.dcp to /home/hyw75/camera2hdmi_final/camera2hdmi_final.gen/sources_1/bd/design_1/ip/design_1_smartconnect_1_0/design_1_smartconnect_1_0.dcp.
INFO: [IP_Flow 19-6926] IPCACHE: added file to list for BOM: /home/hyw75/camera2hdmi_final/camera2hdmi_final.gen/sources_1/bd/design_1/ip/design_1_smartconnect_1_0/design_1_smartconnect_1_0.dcp
INFO: [IP_Flow 19-6928] IPCACHE: copied cached file /home/hyw75/camera2hdmi_final/camera2hdmi_final.cache/ip/2023.2/3/a/3a265ade04694a34/design_1_smartconnect_1_0_sim_netlist.vhdl to /home/hyw75/camera2hdmi_final/camera2hdmi_final.gen/sources_1/bd/design_1/ip/design_1_smartconnect_1_0/design_1_smartconnect_1_0_sim_netlist.vhdl.
INFO: [IP_Flow 19-6926] IPCACHE: added file to list for BOM: /home/hyw75/camera2hdmi_final/camera2hdmi_final.gen/sources_1/bd/design_1/ip/design_1_smartconnect_1_0/design_1_smartconnect_1_0_sim_netlist.vhdl
INFO: [IP_Flow 19-6928] IPCACHE: copied cached file /home/hyw75/camera2hdmi_final/camera2hdmi_final.cache/ip/2023.2/3/a/3a265ade04694a34/design_1_smartconnect_1_0_stub.vhdl to /home/hyw75/camera2hdmi_final/camera2hdmi_final.gen/sources_1/bd/design_1/ip/design_1_smartconnect_1_0/design_1_smartconnect_1_0_stub.vhdl.
INFO: [IP_Flow 19-6926] IPCACHE: added file to list for BOM: /home/hyw75/camera2hdmi_final/camera2hdmi_final.gen/sources_1/bd/design_1/ip/design_1_smartconnect_1_0/design_1_smartconnect_1_0_stub.vhdl
INFO: [IP_Flow 19-6928] IPCACHE: copied cached file /home/hyw75/camera2hdmi_final/camera2hdmi_final.cache/ip/2023.2/3/a/3a265ade04694a34/design_1_smartconnect_1_0_stub.v to /home/hyw75/camera2hdmi_final/camera2hdmi_final.gen/sources_1/bd/design_1/ip/design_1_smartconnect_1_0/design_1_smartconnect_1_0_stub.v.
INFO: [IP_Flow 19-6926] IPCACHE: added file to list for BOM: /home/hyw75/camera2hdmi_final/camera2hdmi_final.gen/sources_1/bd/design_1/ip/design_1_smartconnect_1_0/design_1_smartconnect_1_0_stub.v
INFO: [IP_Flow 19-6928] IPCACHE: copied cached file /home/hyw75/camera2hdmi_final/camera2hdmi_final.cache/ip/2023.2/3/a/3a265ade04694a34/design_1_smartconnect_1_0_sim_netlist.v to /home/hyw75/camera2hdmi_final/camera2hdmi_final.gen/sources_1/bd/design_1/ip/design_1_smartconnect_1_0/design_1_smartconnect_1_0_sim_netlist.v.
INFO: [IP_Flow 19-6926] IPCACHE: added file to list for BOM: /home/hyw75/camera2hdmi_final/camera2hdmi_final.gen/sources_1/bd/design_1/ip/design_1_smartconnect_1_0/design_1_smartconnect_1_0_sim_netlist.v
INFO: [IP_Flow 19-4993] Using cached IP synthesis design for IP design_1_smartconnect_1_0, cache-ID = 3a265ade04694a34; cache size = 31.260 MB.
INFO: [IP_Flow 19-6924] IPCACHE: Running cache check for IP inst: design_1_system_ila_0_0
[Thu Mar 12 21:15:59 2026] Launched design_1_system_ila_0_0_synth_1, design_1_rst_design_1_100M_5_synth_1, synth_1...
Run output will be captured here:
design_1_system_ila_0_0_synth_1: /home/hyw75/camera2hdmi_final/camera2hdmi_final.runs/design_1_system_ila_0_0_synth_1/runme.log
design_1_rst_design_1_100M_5_synth_1: /home/hyw75/camera2hdmi_final/camera2hdmi_final.runs/design_1_rst_design_1_100M_5_synth_1/runme.log
synth_1: /home/hyw75/camera2hdmi_final/camera2hdmi_final.runs/synth_1/runme.log
[Thu Mar 12 21:15:59 2026] Launched impl_1...
Run output will be captured here: /home/hyw75/camera2hdmi_final/camera2hdmi_final.runs/impl_1/runme.log
launch_runs: Time (s): cpu = 00:00:19 ; elapsed = 00:00:17 . Memory (MB): peak = 9481.758 ; gain = 539.734 ; free physical = 3761 ; free virtual = 6743
disconnect_bd_net /ov7670_axi_stream_ca_0_aclk [get_bd_pins system_ila_0/clk]
apply_bd_automation -rule xilinx.com:bd_rule:clkrst -config { Clk {/ov7670_axi_stream_ca_0/aclk (100 MHz)} Freq {100} Ref_Clk0 {} Ref_Clk1 {} Ref_Clk2 {}}  [get_bd_pins system_ila_0/clk]
save_bd_design
Wrote  : </home/hyw75/camera2hdmi_final/camera2hdmi_final.srcs/sources_1/bd/design_1/design_1.bd> 
Wrote  : </home/hyw75/camera2hdmi_final/camera2hdmi_final.srcs/sources_1/bd/design_1/ui/bd_1f5defd0.ui> 
reset_run synth_1
INFO: [Project 1-1161] Replacing file /home/hyw75/camera2hdmi_final/camera2hdmi_final.srcs/utils_1/imports/synth_1/camera_configure.dcp with file /home/hyw75/camera2hdmi_final/camera2hdmi_final.runs/synth_1/design_1_wrapper.dcp
launch_runs impl_1 -to_step write_bitstream -jobs 4
WARNING: [BD 41-1781] Updates have been made to one or more nets/interface connections marked for debug.
Debug nets, which are already connected to any ILA IP core in the block-design, will be automatically available for debug in Hardware Manager.
For unconnected Debug nets, please open synthesized design and use 'Set Up Debug' wizard to insert, modify or delete Debug Cores. 
INFO: [Common 17-365] Interrupt caught but 'launch_runs' cannot be canceled. Please wait for command to finish.
INFO: [BD 5-943] Reserving offset range <0x4300_0000 [ 64K ]> from slave interface '/smartconnect_1/S00_AXI' to master interface '/smartconnect_1/M00_AXI'. This will be used by smartconnect on path for routing.
INFO: [xilinx.com:ip:smartconnect:1.0-1] design_1_smartconnect_1_0: SmartConnect design_1_smartconnect_1_0 is in Low-Area Mode.
INFO: [Ipptcl 7-1463] No Compatible Board Interface found. Board Tab not created in customize GUI
INFO: [BD 5-943] Reserving offset range <0x0000_0000 [ 512M ]> from slave interface '/smartconnect_0/S00_AXI' to master interface '/smartconnect_0/M00_AXI'. This will be used by smartconnect on path for routing.
INFO: [BD 5-943] Reserving offset range <0x0000_0000 [ 512M ]> from slave interface '/smartconnect_0/S01_AXI' to master interface '/smartconnect_0/M00_AXI'. This will be used by smartconnect on path for routing.
INFO: [xilinx.com:ip:smartconnect:1.0-1] design_1_smartconnect_0_0: SmartConnect design_1_smartconnect_0_0 is in High-performance Mode.
INFO: [Ipptcl 7-1463] No Compatible Board Interface found. Board Tab not created in customize GUI
INFO: [xilinx.com:ip:axi_vdma:6.3-15] /axi_vdma_0 
                    All clocks connected to AXI VDMA are not identical, therefore configuring AXI-VDMA in ASYNC mode.
WARNING: [xilinx.com:ip:axi_vdma:6.3-155] /axi_vdma_0 
                    To get the better performance, ensure AXI Memory Map clock frequency is greater than equal to AXI Streaming clock frequency.
INFO: [xilinx.com:ip:clk_wiz:6.0-1] /clk_wiz_0 clk_wiz propagate
WARNING: [BD 41-2671] The dangling interface net <m00_aw_node_M_AXIS_ARB> will not be written out to the BD file.
Wrote  : </home/hyw75/camera2hdmi_final/camera2hdmi_final.srcs/sources_1/bd/design_1/design_1.bd> 
Verilog Output written to : /home/hyw75/camera2hdmi_final/camera2hdmi_final.gen/sources_1/bd/design_1/synth/design_1.v
Verilog Output written to : /home/hyw75/camera2hdmi_final/camera2hdmi_final.gen/sources_1/bd/design_1/sim/design_1.v
Verilog Output written to : /home/hyw75/camera2hdmi_final/camera2hdmi_final.gen/sources_1/bd/design_1/hdl/design_1_wrapper.v
INFO: [BD 41-1171] User-interrupt detected : Generation halted successfully for IP Integrator design /home/hyw75/camera2hdmi_final/camera2hdmi_final.srcs/sources_1/bd/design_1/design_1.bd
INFO: [Common 17-681] Processing pending cancel.
reset_run design_1_clk_wiz_0_1_synth_1
reset_run design_1_axi_vdma_0_0_synth_1
reset_run design_1_camera_configure_0_0_synth_1
reset_run design_1_ov7670_axi_stream_ca_0_0_synth_1
reset_run design_1_rgb2dvi_0_3_synth_1
reset_run design_1_system_ila_0_0_synth_1
reset_run design_1_rst_design_1_100M_5_synth_1
launch_runs impl_1 -to_step write_bitstream -jobs 6
INFO: [BD 41-1662] The design 'design_1.bd' is already validated. Therefore parameter propagation will not be re-run.
Wrote  : </home/hyw75/camera2hdmi_final/camera2hdmi_final.srcs/sources_1/bd/design_1/ui/bd_1f5defd0.ui> 
Verilog Output written to : /home/hyw75/camera2hdmi_final/camera2hdmi_final.gen/sources_1/bd/design_1/synth/design_1.v
Verilog Output written to : /home/hyw75/camera2hdmi_final/camera2hdmi_final.gen/sources_1/bd/design_1/sim/design_1.v
Verilog Output written to : /home/hyw75/camera2hdmi_final/camera2hdmi_final.gen/sources_1/bd/design_1/hdl/design_1_wrapper.v
Exporting to file /home/hyw75/camera2hdmi_final/camera2hdmi_final.gen/sources_1/bd/design_1/ip/design_1_smartconnect_0_0/bd_0/hw_handoff/design_1_smartconnect_0_0.hwh
Generated Hardware Definition File /home/hyw75/camera2hdmi_final/camera2hdmi_final.gen/sources_1/bd/design_1/ip/design_1_smartconnect_0_0/bd_0/synth/design_1_smartconnect_0_0.hwdef
INFO: [BD 41-1029] Generation completed for the IP Integrator block smartconnect_0 .
Exporting to file /home/hyw75/camera2hdmi_final/camera2hdmi_final.gen/sources_1/bd/design_1/ip/design_1_smartconnect_1_0/bd_0/hw_handoff/design_1_smartconnect_1_0.hwh
Generated Hardware Definition File /home/hyw75/camera2hdmi_final/camera2hdmi_final.gen/sources_1/bd/design_1/ip/design_1_smartconnect_1_0/bd_0/synth/design_1_smartconnect_1_0.hwdef
INFO: [BD 41-1029] Generation completed for the IP Integrator block smartconnect_1 .
WARNING: [IP_Flow 19-4994] Overwriting existing constraint file '/home/hyw75/camera2hdmi_final/camera2hdmi_final.gen/sources_1/bd/design_1/ip/design_1_system_ila_0_0/design_1_system_ila_0_0_ooc.xdc'
Exporting to file /home/hyw75/camera2hdmi_final/camera2hdmi_final.gen/sources_1/bd/design_1/ip/design_1_system_ila_0_0/bd_0/hw_handoff/design_1_system_ila_0_0.hwh
Generated Hardware Definition File /home/hyw75/camera2hdmi_final/camera2hdmi_final.gen/sources_1/bd/design_1/ip/design_1_system_ila_0_0/bd_0/synth/design_1_system_ila_0_0.hwdef
INFO: [BD 41-1029] Generation completed for the IP Integrator block system_ila_0 .
Exporting to file /home/hyw75/camera2hdmi_final/camera2hdmi_final.gen/sources_1/bd/design_1/hw_handoff/design_1.hwh
Generated Hardware Definition File /home/hyw75/camera2hdmi_final/camera2hdmi_final.gen/sources_1/bd/design_1/synth/design_1.hwdef
INFO: [IP_Flow 19-6930] IPCACHE: runCacheChecks() number of threads = 8
INFO: [IP_Flow 19-6921] IPCACHE: Adding cache check func to thread queue for IP design_1_axi_vdma_0_0
INFO: [IP_Flow 19-6921] IPCACHE: Adding cache check func to thread queue for IP design_1_camera_configure_0_0
INFO: [IP_Flow 19-6921] IPCACHE: Adding cache check func to thread queue for IP design_1_clk_wiz_0_1
INFO: [IP_Flow 19-6921] IPCACHE: Adding cache check func to thread queue for IP design_1_dvi2rgb_0_0
INFO: [IP_Flow 19-6921] IPCACHE: Adding cache check func to thread queue for IP design_1_ov7670_axi_stream_ca_0_0
INFO: [IP_Flow 19-6921] IPCACHE: Adding cache check func to thread queue for IP design_1_proc_sys_reset_0_0
INFO: [IP_Flow 19-6921] IPCACHE: Adding cache check func to thread queue for IP design_1_rgb2dvi_0_3
INFO: [IP_Flow 19-6921] IPCACHE: Adding cache check func to thread queue for IP design_1_rst_design_1_100M_5
INFO: [IP_Flow 19-6921] IPCACHE: Adding cache check func to thread queue for IP design_1_smartconnect_0_0
INFO: [IP_Flow 19-6921] IPCACHE: Adding cache check func to thread queue for IP design_1_smartconnect_1_0
INFO: [IP_Flow 19-6921] IPCACHE: Adding cache check func to thread queue for IP design_1_system_ila_0_0
INFO: [IP_Flow 19-6921] IPCACHE: Adding cache check func to thread queue for IP design_1_v_axi4s_vid_out_0_1
INFO: [IP_Flow 19-6921] IPCACHE: Adding cache check func to thread queue for IP design_1_v_tc_0_1
INFO: [IP_Flow 19-8020] IPCACHE: runCacheChecks() calling threadPool finishWork()
INFO: [IP_Flow 19-6924] IPCACHE: Running cache check for IP inst: design_1_axi_vdma_0_0
INFO: [IP_Flow 19-6922] IPCACHE: Exporting cached entry 4abc6b6010693c9b to dir: /home/hyw75/camera2hdmi_final/camera2hdmi_final.gen/sources_1/bd/design_1/ip/design_1_axi_vdma_0_0
INFO: [IP_Flow 19-6928] IPCACHE: copied cached file /home/hyw75/camera2hdmi_final/camera2hdmi_final.cache/ip/2023.2/4/a/4abc6b6010693c9b/design_1_axi_vdma_0_0_stub.vhdl to /home/hyw75/camera2hdmi_final/camera2hdmi_final.gen/sources_1/bd/design_1/ip/design_1_axi_vdma_0_0/design_1_axi_vdma_0_0_stub.vhdl.
INFO: [IP_Flow 19-6926] IPCACHE: added file to list for BOM: /home/hyw75/camera2hdmi_final/camera2hdmi_final.gen/sources_1/bd/design_1/ip/design_1_axi_vdma_0_0/design_1_axi_vdma_0_0_stub.vhdl
INFO: [IP_Flow 19-6928] IPCACHE: copied cached file /home/hyw75/camera2hdmi_final/camera2hdmi_final.cache/ip/2023.2/4/a/4abc6b6010693c9b/design_1_axi_vdma_0_0_sim_netlist.vhdl to /home/hyw75/camera2hdmi_final/camera2hdmi_final.gen/sources_1/bd/design_1/ip/design_1_axi_vdma_0_0/design_1_axi_vdma_0_0_sim_netlist.vhdl.
INFO: [IP_Flow 19-6926] IPCACHE: added file to list for BOM: /home/hyw75/camera2hdmi_final/camera2hdmi_final.gen/sources_1/bd/design_1/ip/design_1_axi_vdma_0_0/design_1_axi_vdma_0_0_sim_netlist.vhdl
INFO: [IP_Flow 19-6928] IPCACHE: copied cached file /home/hyw75/camera2hdmi_final/camera2hdmi_final.cache/ip/2023.2/4/a/4abc6b6010693c9b/design_1_axi_vdma_0_0_stub.v to /home/hyw75/camera2hdmi_final/camera2hdmi_final.gen/sources_1/bd/design_1/ip/design_1_axi_vdma_0_0/design_1_axi_vdma_0_0_stub.v.
INFO: [IP_Flow 19-6926] IPCACHE: added file to list for BOM: /home/hyw75/camera2hdmi_final/camera2hdmi_final.gen/sources_1/bd/design_1/ip/design_1_axi_vdma_0_0/design_1_axi_vdma_0_0_stub.v
INFO: [IP_Flow 19-6928] IPCACHE: copied cached file /home/hyw75/camera2hdmi_final/camera2hdmi_final.cache/ip/2023.2/4/a/4abc6b6010693c9b/design_1_axi_vdma_0_0.dcp to /home/hyw75/camera2hdmi_final/camera2hdmi_final.gen/sources_1/bd/design_1/ip/design_1_axi_vdma_0_0/design_1_axi_vdma_0_0.dcp.
INFO: [IP_Flow 19-6926] IPCACHE: added file to list for BOM: /home/hyw75/camera2hdmi_final/camera2hdmi_final.gen/sources_1/bd/design_1/ip/design_1_axi_vdma_0_0/design_1_axi_vdma_0_0.dcp
INFO: [IP_Flow 19-6928] IPCACHE: copied cached file /home/hyw75/camera2hdmi_final/camera2hdmi_final.cache/ip/2023.2/4/a/4abc6b6010693c9b/design_1_axi_vdma_0_0_sim_netlist.v to /home/hyw75/camera2hdmi_final/camera2hdmi_final.gen/sources_1/bd/design_1/ip/design_1_axi_vdma_0_0/design_1_axi_vdma_0_0_sim_netlist.v.
INFO: [IP_Flow 19-6926] IPCACHE: added file to list for BOM: /home/hyw75/camera2hdmi_final/camera2hdmi_final.gen/sources_1/bd/design_1/ip/design_1_axi_vdma_0_0/design_1_axi_vdma_0_0_sim_netlist.v
INFO: [IP_Flow 19-4993] Using cached IP synthesis design for IP design_1_axi_vdma_0_0, cache-ID = 4abc6b6010693c9b; cache size = 41.274 MB.
INFO: [IP_Flow 19-6924] IPCACHE: Running cache check for IP inst: design_1_camera_configure_0_0
INFO: [IP_Flow 19-6924] IPCACHE: Running cache check for IP inst: design_1_v_axi4s_vid_out_0_1
INFO: [IP_Flow 19-6924] IPCACHE: Running cache check for IP inst: design_1_v_tc_0_1
INFO: [IP_Flow 19-6924] IPCACHE: Running cache check for IP inst: design_1_clk_wiz_0_1
INFO: [IP_Flow 19-6922] IPCACHE: Exporting cached entry 77f3f3448324008a to dir: /home/hyw75/camera2hdmi_final/camera2hdmi_final.gen/sources_1/bd/design_1/ip/design_1_clk_wiz_0_1
INFO: [IP_Flow 19-6928] IPCACHE: copied cached file /home/hyw75/camera2hdmi_final/camera2hdmi_final.cache/ip/2023.2/7/7/77f3f3448324008a/design_1_clk_wiz_0_1.dcp to /home/hyw75/camera2hdmi_final/camera2hdmi_final.gen/sources_1/bd/design_1/ip/design_1_clk_wiz_0_1/design_1_clk_wiz_0_1.dcp.
INFO: [IP_Flow 19-6926] IPCACHE: added file to list for BOM: /home/hyw75/camera2hdmi_final/camera2hdmi_final.gen/sources_1/bd/design_1/ip/design_1_clk_wiz_0_1/design_1_clk_wiz_0_1.dcp
INFO: [IP_Flow 19-6928] IPCACHE: copied cached file /home/hyw75/camera2hdmi_final/camera2hdmi_final.cache/ip/2023.2/7/7/77f3f3448324008a/design_1_clk_wiz_0_1_sim_netlist.vhdl to /home/hyw75/camera2hdmi_final/camera2hdmi_final.gen/sources_1/bd/design_1/ip/design_1_clk_wiz_0_1/design_1_clk_wiz_0_1_sim_netlist.vhdl.
INFO: [IP_Flow 19-6926] IPCACHE: added file to list for BOM: /home/hyw75/camera2hdmi_final/camera2hdmi_final.gen/sources_1/bd/design_1/ip/design_1_clk_wiz_0_1/design_1_clk_wiz_0_1_sim_netlist.vhdl
INFO: [IP_Flow 19-6928] IPCACHE: copied cached file /home/hyw75/camera2hdmi_final/camera2hdmi_final.cache/ip/2023.2/7/7/77f3f3448324008a/design_1_clk_wiz_0_1_stub.vhdl to /home/hyw75/camera2hdmi_final/camera2hdmi_final.gen/sources_1/bd/design_1/ip/design_1_clk_wiz_0_1/design_1_clk_wiz_0_1_stub.vhdl.
INFO: [IP_Flow 19-6926] IPCACHE: added file to list for BOM: /home/hyw75/camera2hdmi_final/camera2hdmi_final.gen/sources_1/bd/design_1/ip/design_1_clk_wiz_0_1/design_1_clk_wiz_0_1_stub.vhdl
INFO: [IP_Flow 19-6928] IPCACHE: copied cached file /home/hyw75/camera2hdmi_final/camera2hdmi_final.cache/ip/2023.2/7/7/77f3f3448324008a/design_1_clk_wiz_0_1_sim_netlist.v to /home/hyw75/camera2hdmi_final/camera2hdmi_final.gen/sources_1/bd/design_1/ip/design_1_clk_wiz_0_1/design_1_clk_wiz_0_1_sim_netlist.v.
INFO: [IP_Flow 19-6926] IPCACHE: added file to list for BOM: /home/hyw75/camera2hdmi_final/camera2hdmi_final.gen/sources_1/bd/design_1/ip/design_1_clk_wiz_0_1/design_1_clk_wiz_0_1_sim_netlist.v
INFO: [IP_Flow 19-6928] IPCACHE: copied cached file /home/hyw75/camera2hdmi_final/camera2hdmi_final.cache/ip/2023.2/7/7/77f3f3448324008a/design_1_clk_wiz_0_1_stub.v to /home/hyw75/camera2hdmi_final/camera2hdmi_final.gen/sources_1/bd/design_1/ip/design_1_clk_wiz_0_1/design_1_clk_wiz_0_1_stub.v.
INFO: [IP_Flow 19-6926] IPCACHE: added file to list for BOM: /home/hyw75/camera2hdmi_final/camera2hdmi_final.gen/sources_1/bd/design_1/ip/design_1_clk_wiz_0_1/design_1_clk_wiz_0_1_stub.v
INFO: [IP_Flow 19-4993] Using cached IP synthesis design for IP design_1_clk_wiz_0_1, cache-ID = 77f3f3448324008a; cache size = 41.274 MB.
INFO: [IP_Flow 19-6924] IPCACHE: Running cache check for IP inst: design_1_dvi2rgb_0_0
INFO: [IP_Flow 19-6924] IPCACHE: Running cache check for IP inst: design_1_proc_sys_reset_0_0
INFO: [IP_Flow 19-6924] IPCACHE: Running cache check for IP inst: design_1_system_ila_0_0
INFO: [IP_Flow 19-6922] IPCACHE: Exporting cached entry 0e515b7c7894d1ee to dir: /home/hyw75/camera2hdmi_final/camera2hdmi_final.gen/sources_1/bd/design_1/ip/design_1_system_ila_0_0
INFO: [IP_Flow 19-6928] IPCACHE: copied cached file /home/hyw75/camera2hdmi_final/camera2hdmi_final.cache/ip/2023.2/0/e/0e515b7c7894d1ee/design_1_system_ila_0_0_sim_netlist.vhdl to /home/hyw75/camera2hdmi_final/camera2hdmi_final.gen/sources_1/bd/design_1/ip/design_1_system_ila_0_0/design_1_system_ila_0_0_sim_netlist.vhdl.
INFO: [IP_Flow 19-6926] IPCACHE: added file to list for BOM: /home/hyw75/camera2hdmi_final/camera2hdmi_final.gen/sources_1/bd/design_1/ip/design_1_system_ila_0_0/design_1_system_ila_0_0_sim_netlist.vhdl
INFO: [IP_Flow 19-6928] IPCACHE: copied cached file /home/hyw75/camera2hdmi_final/camera2hdmi_final.cache/ip/2023.2/0/e/0e515b7c7894d1ee/design_1_system_ila_0_0.dcp to /home/hyw75/camera2hdmi_final/camera2hdmi_final.gen/sources_1/bd/design_1/ip/design_1_system_ila_0_0/design_1_system_ila_0_0.dcp.
INFO: [IP_Flow 19-6926] IPCACHE: added file to list for BOM: /home/hyw75/camera2hdmi_final/camera2hdmi_final.gen/sources_1/bd/design_1/ip/design_1_system_ila_0_0/design_1_system_ila_0_0.dcp
INFO: [IP_Flow 19-6928] IPCACHE: copied cached file /home/hyw75/camera2hdmi_final/camera2hdmi_final.cache/ip/2023.2/0/e/0e515b7c7894d1ee/design_1_system_ila_0_0_sim_netlist.v to /home/hyw75/camera2hdmi_final/camera2hdmi_final.gen/sources_1/bd/design_1/ip/design_1_system_ila_0_0/design_1_system_ila_0_0_sim_netlist.v.
INFO: [IP_Flow 19-6926] IPCACHE: added file to list for BOM: /home/hyw75/camera2hdmi_final/camera2hdmi_final.gen/sources_1/bd/design_1/ip/design_1_system_ila_0_0/design_1_system_ila_0_0_sim_netlist.v
INFO: [IP_Flow 19-6928] IPCACHE: copied cached file /home/hyw75/camera2hdmi_final/camera2hdmi_final.cache/ip/2023.2/0/e/0e515b7c7894d1ee/design_1_system_ila_0_0_stub.vhdl to /home/hyw75/camera2hdmi_final/camera2hdmi_final.gen/sources_1/bd/design_1/ip/design_1_system_ila_0_0/design_1_system_ila_0_0_stub.vhdl.
INFO: [IP_Flow 19-6926] IPCACHE: added file to list for BOM: /home/hyw75/camera2hdmi_final/camera2hdmi_final.gen/sources_1/bd/design_1/ip/design_1_system_ila_0_0/design_1_system_ila_0_0_stub.vhdl
INFO: [IP_Flow 19-6928] IPCACHE: copied cached file /home/hyw75/camera2hdmi_final/camera2hdmi_final.cache/ip/2023.2/0/e/0e515b7c7894d1ee/design_1_system_ila_0_0_stub.v to /home/hyw75/camera2hdmi_final/camera2hdmi_final.gen/sources_1/bd/design_1/ip/design_1_system_ila_0_0/design_1_system_ila_0_0_stub.v.
INFO: [IP_Flow 19-6926] IPCACHE: added file to list for BOM: /home/hyw75/camera2hdmi_final/camera2hdmi_final.gen/sources_1/bd/design_1/ip/design_1_system_ila_0_0/design_1_system_ila_0_0_stub.v
INFO: [IP_Flow 19-4993] Using cached IP synthesis design for IP design_1_system_ila_0_0, cache-ID = 0e515b7c7894d1ee; cache size = 41.274 MB.
INFO: [IP_Flow 19-6924] IPCACHE: Running cache check for IP inst: design_1_rst_design_1_100M_5
INFO: [IP_Flow 19-6922] IPCACHE: Exporting cached entry af65cc4c37bee88b to dir: /home/hyw75/camera2hdmi_final/camera2hdmi_final.gen/sources_1/bd/design_1/ip/design_1_rst_design_1_100M_5
INFO: [IP_Flow 19-6928] IPCACHE: copied cached file /home/hyw75/camera2hdmi_final/camera2hdmi_final.cache/ip/2023.2/a/f/af65cc4c37bee88b/design_1_rst_design_1_100M_5_stub.v to /home/hyw75/camera2hdmi_final/camera2hdmi_final.gen/sources_1/bd/design_1/ip/design_1_rst_design_1_100M_5/design_1_rst_design_1_100M_5_stub.v.
INFO: [IP_Flow 19-6926] IPCACHE: added file to list for BOM: /home/hyw75/camera2hdmi_final/camera2hdmi_final.gen/sources_1/bd/design_1/ip/design_1_rst_design_1_100M_5/design_1_rst_design_1_100M_5_stub.v
INFO: [IP_Flow 19-6928] IPCACHE: copied cached file /home/hyw75/camera2hdmi_final/camera2hdmi_final.cache/ip/2023.2/a/f/af65cc4c37bee88b/design_1_rst_design_1_100M_5.dcp to /home/hyw75/camera2hdmi_final/camera2hdmi_final.gen/sources_1/bd/design_1/ip/design_1_rst_design_1_100M_5/design_1_rst_design_1_100M_5.dcp.
INFO: [IP_Flow 19-6926] IPCACHE: added file to list for BOM: /home/hyw75/camera2hdmi_final/camera2hdmi_final.gen/sources_1/bd/design_1/ip/design_1_rst_design_1_100M_5/design_1_rst_design_1_100M_5.dcp
INFO: [IP_Flow 19-6928] IPCACHE: copied cached file /home/hyw75/camera2hdmi_final/camera2hdmi_final.cache/ip/2023.2/a/f/af65cc4c37bee88b/design_1_rst_design_1_100M_5_stub.vhdl to /home/hyw75/camera2hdmi_final/camera2hdmi_final.gen/sources_1/bd/design_1/ip/design_1_rst_design_1_100M_5/design_1_rst_design_1_100M_5_stub.vhdl.
INFO: [IP_Flow 19-6926] IPCACHE: added file to list for BOM: /home/hyw75/camera2hdmi_final/camera2hdmi_final.gen/sources_1/bd/design_1/ip/design_1_rst_design_1_100M_5/design_1_rst_design_1_100M_5_stub.vhdl
INFO: [IP_Flow 19-6928] IPCACHE: copied cached file /home/hyw75/camera2hdmi_final/camera2hdmi_final.cache/ip/2023.2/a/f/af65cc4c37bee88b/design_1_rst_design_1_100M_5_sim_netlist.v to /home/hyw75/camera2hdmi_final/camera2hdmi_final.gen/sources_1/bd/design_1/ip/design_1_rst_design_1_100M_5/design_1_rst_design_1_100M_5_sim_netlist.v.
INFO: [IP_Flow 19-6926] IPCACHE: added file to list for BOM: /home/hyw75/camera2hdmi_final/camera2hdmi_final.gen/sources_1/bd/design_1/ip/design_1_rst_design_1_100M_5/design_1_rst_design_1_100M_5_sim_netlist.v
INFO: [IP_Flow 19-6928] IPCACHE: copied cached file /home/hyw75/camera2hdmi_final/camera2hdmi_final.cache/ip/2023.2/a/f/af65cc4c37bee88b/design_1_rst_design_1_100M_5_sim_netlist.vhdl to /home/hyw75/camera2hdmi_final/camera2hdmi_final.gen/sources_1/bd/design_1/ip/design_1_rst_design_1_100M_5/design_1_rst_design_1_100M_5_sim_netlist.vhdl.
INFO: [IP_Flow 19-6926] IPCACHE: added file to list for BOM: /home/hyw75/camera2hdmi_final/camera2hdmi_final.gen/sources_1/bd/design_1/ip/design_1_rst_design_1_100M_5/design_1_rst_design_1_100M_5_sim_netlist.vhdl
INFO: [IP_Flow 19-4993] Using cached IP synthesis design for IP design_1_rst_design_1_100M_5, cache-ID = af65cc4c37bee88b; cache size = 41.274 MB.
INFO: [IP_Flow 19-6924] IPCACHE: Running cache check for IP inst: design_1_ov7670_axi_stream_ca_0_0
INFO: [IP_Flow 19-6922] IPCACHE: Exporting cached entry e0d3bc1b408f55ff to dir: /home/hyw75/camera2hdmi_final/camera2hdmi_final.gen/sources_1/bd/design_1/ip/design_1_ov7670_axi_stream_ca_0_0
INFO: [IP_Flow 19-6928] IPCACHE: copied cached file /home/hyw75/camera2hdmi_final/camera2hdmi_final.cache/ip/2023.2/e/0/e0d3bc1b408f55ff/design_1_ov7670_axi_stream_ca_0_0_sim_netlist.vhdl to /home/hyw75/camera2hdmi_final/camera2hdmi_final.gen/sources_1/bd/design_1/ip/design_1_ov7670_axi_stream_ca_0_0/design_1_ov7670_axi_stream_ca_0_0_sim_netlist.vhdl.
INFO: [IP_Flow 19-6926] IPCACHE: added file to list for BOM: /home/hyw75/camera2hdmi_final/camera2hdmi_final.gen/sources_1/bd/design_1/ip/design_1_ov7670_axi_stream_ca_0_0/design_1_ov7670_axi_stream_ca_0_0_sim_netlist.vhdl
INFO: [IP_Flow 19-6928] IPCACHE: copied cached file /home/hyw75/camera2hdmi_final/camera2hdmi_final.cache/ip/2023.2/e/0/e0d3bc1b408f55ff/design_1_ov7670_axi_stream_ca_0_0_stub.vhdl to /home/hyw75/camera2hdmi_final/camera2hdmi_final.gen/sources_1/bd/design_1/ip/design_1_ov7670_axi_stream_ca_0_0/design_1_ov7670_axi_stream_ca_0_0_stub.vhdl.
INFO: [IP_Flow 19-6926] IPCACHE: added file to list for BOM: /home/hyw75/camera2hdmi_final/camera2hdmi_final.gen/sources_1/bd/design_1/ip/design_1_ov7670_axi_stream_ca_0_0/design_1_ov7670_axi_stream_ca_0_0_stub.vhdl
INFO: [IP_Flow 19-6928] IPCACHE: copied cached file /home/hyw75/camera2hdmi_final/camera2hdmi_final.cache/ip/2023.2/e/0/e0d3bc1b408f55ff/design_1_ov7670_axi_stream_ca_0_0.dcp to /home/hyw75/camera2hdmi_final/camera2hdmi_final.gen/sources_1/bd/design_1/ip/design_1_ov7670_axi_stream_ca_0_0/design_1_ov7670_axi_stream_ca_0_0.dcp.
INFO: [IP_Flow 19-6926] IPCACHE: added file to list for BOM: /home/hyw75/camera2hdmi_final/camera2hdmi_final.gen/sources_1/bd/design_1/ip/design_1_ov7670_axi_stream_ca_0_0/design_1_ov7670_axi_stream_ca_0_0.dcp
INFO: [IP_Flow 19-6928] IPCACHE: copied cached file /home/hyw75/camera2hdmi_final/camera2hdmi_final.cache/ip/2023.2/e/0/e0d3bc1b408f55ff/design_1_ov7670_axi_stream_ca_0_0_stub.v to /home/hyw75/camera2hdmi_final/camera2hdmi_final.gen/sources_1/bd/design_1/ip/design_1_ov7670_axi_stream_ca_0_0/design_1_ov7670_axi_stream_ca_0_0_stub.v.
INFO: [IP_Flow 19-6926] IPCACHE: added file to list for BOM: /home/hyw75/camera2hdmi_final/camera2hdmi_final.gen/sources_1/bd/design_1/ip/design_1_ov7670_axi_stream_ca_0_0/design_1_ov7670_axi_stream_ca_0_0_stub.v
INFO: [IP_Flow 19-6928] IPCACHE: copied cached file /home/hyw75/camera2hdmi_final/camera2hdmi_final.cache/ip/2023.2/e/0/e0d3bc1b408f55ff/design_1_ov7670_axi_stream_ca_0_0_sim_netlist.v to /home/hyw75/camera2hdmi_final/camera2hdmi_final.gen/sources_1/bd/design_1/ip/design_1_ov7670_axi_stream_ca_0_0/design_1_ov7670_axi_stream_ca_0_0_sim_netlist.v.
INFO: [IP_Flow 19-6926] IPCACHE: added file to list for BOM: /home/hyw75/camera2hdmi_final/camera2hdmi_final.gen/sources_1/bd/design_1/ip/design_1_ov7670_axi_stream_ca_0_0/design_1_ov7670_axi_stream_ca_0_0_sim_netlist.v
INFO: [IP_Flow 19-4993] Using cached IP synthesis design for IP design_1_ov7670_axi_stream_ca_0_0, cache-ID = e0d3bc1b408f55ff; cache size = 41.274 MB.
INFO: [IP_Flow 19-6924] IPCACHE: Running cache check for IP inst: design_1_rgb2dvi_0_3
INFO: [IP_Flow 19-6922] IPCACHE: Exporting cached entry 1afe6d54f954701b to dir: /home/hyw75/camera2hdmi_final/camera2hdmi_final.gen/sources_1/bd/design_1/ip/design_1_rgb2dvi_0_3
INFO: [IP_Flow 19-6928] IPCACHE: copied cached file /home/hyw75/camera2hdmi_final/camera2hdmi_final.cache/ip/2023.2/1/a/1afe6d54f954701b/design_1_rgb2dvi_0_3_sim_netlist.v to /home/hyw75/camera2hdmi_final/camera2hdmi_final.gen/sources_1/bd/design_1/ip/design_1_rgb2dvi_0_3/design_1_rgb2dvi_0_3_sim_netlist.v.
INFO: [IP_Flow 19-6926] IPCACHE: added file to list for BOM: /home/hyw75/camera2hdmi_final/camera2hdmi_final.gen/sources_1/bd/design_1/ip/design_1_rgb2dvi_0_3/design_1_rgb2dvi_0_3_sim_netlist.v
INFO: [IP_Flow 19-6928] IPCACHE: copied cached file /home/hyw75/camera2hdmi_final/camera2hdmi_final.cache/ip/2023.2/1/a/1afe6d54f954701b/design_1_rgb2dvi_0_3.dcp to /home/hyw75/camera2hdmi_final/camera2hdmi_final.gen/sources_1/bd/design_1/ip/design_1_rgb2dvi_0_3/design_1_rgb2dvi_0_3.dcp.
INFO: [IP_Flow 19-6926] IPCACHE: added file to list for BOM: /home/hyw75/camera2hdmi_final/camera2hdmi_final.gen/sources_1/bd/design_1/ip/design_1_rgb2dvi_0_3/design_1_rgb2dvi_0_3.dcp
INFO: [IP_Flow 19-6928] IPCACHE: copied cached file /home/hyw75/camera2hdmi_final/camera2hdmi_final.cache/ip/2023.2/1/a/1afe6d54f954701b/design_1_rgb2dvi_0_3_stub.vhdl to /home/hyw75/camera2hdmi_final/camera2hdmi_final.gen/sources_1/bd/design_1/ip/design_1_rgb2dvi_0_3/design_1_rgb2dvi_0_3_stub.vhdl.
INFO: [IP_Flow 19-6926] IPCACHE: added file to list for BOM: /home/hyw75/camera2hdmi_final/camera2hdmi_final.gen/sources_1/bd/design_1/ip/design_1_rgb2dvi_0_3/design_1_rgb2dvi_0_3_stub.vhdl
INFO: [IP_Flow 19-6928] IPCACHE: copied cached file /home/hyw75/camera2hdmi_final/camera2hdmi_final.cache/ip/2023.2/1/a/1afe6d54f954701b/design_1_rgb2dvi_0_3_sim_netlist.vhdl to /home/hyw75/camera2hdmi_final/camera2hdmi_final.gen/sources_1/bd/design_1/ip/design_1_rgb2dvi_0_3/design_1_rgb2dvi_0_3_sim_netlist.vhdl.
INFO: [IP_Flow 19-6926] IPCACHE: added file to list for BOM: /home/hyw75/camera2hdmi_final/camera2hdmi_final.gen/sources_1/bd/design_1/ip/design_1_rgb2dvi_0_3/design_1_rgb2dvi_0_3_sim_netlist.vhdl
INFO: [IP_Flow 19-6928] IPCACHE: copied cached file /home/hyw75/camera2hdmi_final/camera2hdmi_final.cache/ip/2023.2/1/a/1afe6d54f954701b/design_1_rgb2dvi_0_3_stub.v to /home/hyw75/camera2hdmi_final/camera2hdmi_final.gen/sources_1/bd/design_1/ip/design_1_rgb2dvi_0_3/design_1_rgb2dvi_0_3_stub.v.
INFO: [IP_Flow 19-6926] IPCACHE: added file to list for BOM: /home/hyw75/camera2hdmi_final/camera2hdmi_final.gen/sources_1/bd/design_1/ip/design_1_rgb2dvi_0_3/design_1_rgb2dvi_0_3_stub.v
INFO: [IP_Flow 19-4993] Using cached IP synthesis design for IP design_1_rgb2dvi_0_3, cache-ID = 1afe6d54f954701b; cache size = 41.274 MB.
INFO: [IP_Flow 19-6924] IPCACHE: Running cache check for IP inst: design_1_smartconnect_0_0
INFO: [IP_Flow 19-6922] IPCACHE: Exporting cached entry 7cefb952391d5603 to dir: /home/hyw75/camera2hdmi_final/camera2hdmi_final.gen/sources_1/bd/design_1/ip/design_1_smartconnect_0_0
INFO: [IP_Flow 19-6928] IPCACHE: copied cached file /home/hyw75/camera2hdmi_final/camera2hdmi_final.cache/ip/2023.2/7/c/7cefb952391d5603/design_1_smartconnect_0_0_sim_netlist.vhdl to /home/hyw75/camera2hdmi_final/camera2hdmi_final.gen/sources_1/bd/design_1/ip/design_1_smartconnect_0_0/design_1_smartconnect_0_0_sim_netlist.vhdl.
INFO: [IP_Flow 19-6926] IPCACHE: added file to list for BOM: /home/hyw75/camera2hdmi_final/camera2hdmi_final.gen/sources_1/bd/design_1/ip/design_1_smartconnect_0_0/design_1_smartconnect_0_0_sim_netlist.vhdl
INFO: [IP_Flow 19-6928] IPCACHE: copied cached file /home/hyw75/camera2hdmi_final/camera2hdmi_final.cache/ip/2023.2/7/c/7cefb952391d5603/design_1_smartconnect_0_0_stub.vhdl to /home/hyw75/camera2hdmi_final/camera2hdmi_final.gen/sources_1/bd/design_1/ip/design_1_smartconnect_0_0/design_1_smartconnect_0_0_stub.vhdl.
INFO: [IP_Flow 19-6926] IPCACHE: added file to list for BOM: /home/hyw75/camera2hdmi_final/camera2hdmi_final.gen/sources_1/bd/design_1/ip/design_1_smartconnect_0_0/design_1_smartconnect_0_0_stub.vhdl
INFO: [IP_Flow 19-6928] IPCACHE: copied cached file /home/hyw75/camera2hdmi_final/camera2hdmi_final.cache/ip/2023.2/7/c/7cefb952391d5603/design_1_smartconnect_0_0_stub.v to /home/hyw75/camera2hdmi_final/camera2hdmi_final.gen/sources_1/bd/design_1/ip/design_1_smartconnect_0_0/design_1_smartconnect_0_0_stub.v.
INFO: [IP_Flow 19-6926] IPCACHE: added file to list for BOM: /home/hyw75/camera2hdmi_final/camera2hdmi_final.gen/sources_1/bd/design_1/ip/design_1_smartconnect_0_0/design_1_smartconnect_0_0_stub.v
INFO: [IP_Flow 19-6928] IPCACHE: copied cached file /home/hyw75/camera2hdmi_final/camera2hdmi_final.cache/ip/2023.2/7/c/7cefb952391d5603/design_1_smartconnect_0_0.dcp to /home/hyw75/camera2hdmi_final/camera2hdmi_final.gen/sources_1/bd/design_1/ip/design_1_smartconnect_0_0/design_1_smartconnect_0_0.dcp.
INFO: [IP_Flow 19-6926] IPCACHE: added file to list for BOM: /home/hyw75/camera2hdmi_final/camera2hdmi_final.gen/sources_1/bd/design_1/ip/design_1_smartconnect_0_0/design_1_smartconnect_0_0.dcp
INFO: [IP_Flow 19-6928] IPCACHE: copied cached file /home/hyw75/camera2hdmi_final/camera2hdmi_final.cache/ip/2023.2/7/c/7cefb952391d5603/design_1_smartconnect_0_0_sim_netlist.v to /home/hyw75/camera2hdmi_final/camera2hdmi_final.gen/sources_1/bd/design_1/ip/design_1_smartconnect_0_0/design_1_smartconnect_0_0_sim_netlist.v.
INFO: [IP_Flow 19-6926] IPCACHE: added file to list for BOM: /home/hyw75/camera2hdmi_final/camera2hdmi_final.gen/sources_1/bd/design_1/ip/design_1_smartconnect_0_0/design_1_smartconnect_0_0_sim_netlist.v
INFO: [IP_Flow 19-4993] Using cached IP synthesis design for IP design_1_smartconnect_0_0, cache-ID = 7cefb952391d5603; cache size = 41.274 MB.
INFO: [IP_Flow 19-6924] IPCACHE: Running cache check for IP inst: design_1_smartconnect_1_0
INFO: [IP_Flow 19-6922] IPCACHE: Exporting cached entry 3a265ade04694a34 to dir: /home/hyw75/camera2hdmi_final/camera2hdmi_final.gen/sources_1/bd/design_1/ip/design_1_smartconnect_1_0
INFO: [IP_Flow 19-6928] IPCACHE: copied cached file /home/hyw75/camera2hdmi_final/camera2hdmi_final.cache/ip/2023.2/3/a/3a265ade04694a34/design_1_smartconnect_1_0.dcp to /home/hyw75/camera2hdmi_final/camera2hdmi_final.gen/sources_1/bd/design_1/ip/design_1_smartconnect_1_0/design_1_smartconnect_1_0.dcp.
INFO: [IP_Flow 19-6926] IPCACHE: added file to list for BOM: /home/hyw75/camera2hdmi_final/camera2hdmi_final.gen/sources_1/bd/design_1/ip/design_1_smartconnect_1_0/design_1_smartconnect_1_0.dcp
INFO: [IP_Flow 19-6928] IPCACHE: copied cached file /home/hyw75/camera2hdmi_final/camera2hdmi_final.cache/ip/2023.2/3/a/3a265ade04694a34/design_1_smartconnect_1_0_sim_netlist.vhdl to /home/hyw75/camera2hdmi_final/camera2hdmi_final.gen/sources_1/bd/design_1/ip/design_1_smartconnect_1_0/design_1_smartconnect_1_0_sim_netlist.vhdl.
INFO: [IP_Flow 19-6926] IPCACHE: added file to list for BOM: /home/hyw75/camera2hdmi_final/camera2hdmi_final.gen/sources_1/bd/design_1/ip/design_1_smartconnect_1_0/design_1_smartconnect_1_0_sim_netlist.vhdl
INFO: [IP_Flow 19-6928] IPCACHE: copied cached file /home/hyw75/camera2hdmi_final/camera2hdmi_final.cache/ip/2023.2/3/a/3a265ade04694a34/design_1_smartconnect_1_0_stub.vhdl to /home/hyw75/camera2hdmi_final/camera2hdmi_final.gen/sources_1/bd/design_1/ip/design_1_smartconnect_1_0/design_1_smartconnect_1_0_stub.vhdl.
INFO: [IP_Flow 19-6926] IPCACHE: added file to list for BOM: /home/hyw75/camera2hdmi_final/camera2hdmi_final.gen/sources_1/bd/design_1/ip/design_1_smartconnect_1_0/design_1_smartconnect_1_0_stub.vhdl
INFO: [IP_Flow 19-6928] IPCACHE: copied cached file /home/hyw75/camera2hdmi_final/camera2hdmi_final.cache/ip/2023.2/3/a/3a265ade04694a34/design_1_smartconnect_1_0_stub.v to /home/hyw75/camera2hdmi_final/camera2hdmi_final.gen/sources_1/bd/design_1/ip/design_1_smartconnect_1_0/design_1_smartconnect_1_0_stub.v.
INFO: [IP_Flow 19-6926] IPCACHE: added file to list for BOM: /home/hyw75/camera2hdmi_final/camera2hdmi_final.gen/sources_1/bd/design_1/ip/design_1_smartconnect_1_0/design_1_smartconnect_1_0_stub.v
INFO: [IP_Flow 19-6928] IPCACHE: copied cached file /home/hyw75/camera2hdmi_final/camera2hdmi_final.cache/ip/2023.2/3/a/3a265ade04694a34/design_1_smartconnect_1_0_sim_netlist.v to /home/hyw75/camera2hdmi_final/camera2hdmi_final.gen/sources_1/bd/design_1/ip/design_1_smartconnect_1_0/design_1_smartconnect_1_0_sim_netlist.v.
INFO: [IP_Flow 19-6926] IPCACHE: added file to list for BOM: /home/hyw75/camera2hdmi_final/camera2hdmi_final.gen/sources_1/bd/design_1/ip/design_1_smartconnect_1_0/design_1_smartconnect_1_0_sim_netlist.v
INFO: [IP_Flow 19-4993] Using cached IP synthesis design for IP design_1_smartconnect_1_0, cache-ID = 3a265ade04694a34; cache size = 41.274 MB.
[Thu Mar 12 21:37:54 2026] Launched design_1_camera_configure_0_0_synth_1, design_1_proc_sys_reset_0_0_synth_1, design_1_dvi2rgb_0_0_synth_1, design_1_v_axi4s_vid_out_0_1_synth_1, design_1_processing_system7_0_1_synth_1, design_1_v_tc_0_1_synth_1, synth_1...
Run output will be captured here:
design_1_camera_configure_0_0_synth_1: /home/hyw75/camera2hdmi_final/camera2hdmi_final.runs/design_1_camera_configure_0_0_synth_1/runme.log
design_1_proc_sys_reset_0_0_synth_1: /home/hyw75/camera2hdmi_final/camera2hdmi_final.runs/design_1_proc_sys_reset_0_0_synth_1/runme.log
design_1_dvi2rgb_0_0_synth_1: /home/hyw75/camera2hdmi_final/camera2hdmi_final.runs/design_1_dvi2rgb_0_0_synth_1/runme.log
design_1_v_axi4s_vid_out_0_1_synth_1: /home/hyw75/camera2hdmi_final/camera2hdmi_final.runs/design_1_v_axi4s_vid_out_0_1_synth_1/runme.log
design_1_processing_system7_0_1_synth_1: /home/hyw75/camera2hdmi_final/camera2hdmi_final.runs/design_1_processing_system7_0_1_synth_1/runme.log
design_1_v_tc_0_1_synth_1: /home/hyw75/camera2hdmi_final/camera2hdmi_final.runs/design_1_v_tc_0_1_synth_1/runme.log
synth_1: /home/hyw75/camera2hdmi_final/camera2hdmi_final.runs/synth_1/runme.log
[Thu Mar 12 21:37:54 2026] Launched impl_1...
Run output will be captured here: /home/hyw75/camera2hdmi_final/camera2hdmi_final.runs/impl_1/runme.log
launch_runs: Time (s): cpu = 00:00:23 ; elapsed = 00:00:23 . Memory (MB): peak = 9633.164 ; gain = 51.305 ; free physical = 4684 ; free virtual = 6496
