#-----------------------------------------------------------
# Vivado v2023.2 (64-bit)
# SW Build 4029153 on Fri Oct 13 20:13:54 MDT 2023
# IP Build 4028589 on Sat Oct 14 00:45:43 MDT 2023
# SharedData Build 4025554 on Tue Oct 10 17:18:54 MDT 2023
# Start of session at: Fri Mar 13 17:01:15 2026
# Process ID: 9344
# Current directory: /home/hyw75/camera2hdmi_final/camera2hdmi_final.runs/design_1_camera_configure_0_0_synth_1
# Command line: vivado -log design_1_camera_configure_0_0.vds -product Vivado -mode batch -messageDb vivado.pb -notrace -source design_1_camera_configure_0_0.tcl
# Log file: /home/hyw75/camera2hdmi_final/camera2hdmi_final.runs/design_1_camera_configure_0_0_synth_1/design_1_camera_configure_0_0.vds
# Journal file: /home/hyw75/camera2hdmi_final/camera2hdmi_final.runs/design_1_camera_configure_0_0_synth_1/vivado.jou
# Running On: LAPTOP-ODJSC7FS, OS: Linux, CPU Frequency: 2995.212 MHz, CPU Physical cores: 9, Host memory: 8117 MB
#-----------------------------------------------------------
source design_1_camera_configure_0_0.tcl -notrace
